Archive member included to satisfy reference by file (symbol)

/home/rako/Data/SourceCode/CrossCompiler_Utils/gcc-linaro-5.4.1-2017.01-x86_64_arm-linux/Compiler/gcc-linaro-5.4.1-2017.01-x86_64_arm-linux-gnueabihf/bin/../arm-linux-gnueabihf/libc/usr/lib/libc_nonshared.a(elf-init.oS)
                              /home/rako/Data/SourceCode/CrossCompiler_Utils/gcc-linaro-5.4.1-2017.01-x86_64_arm-linux/Compiler/gcc-linaro-5.4.1-2017.01-x86_64_arm-linux-gnueabihf/bin/../arm-linux-gnueabihf/libc/usr/lib/crt1.o (__libc_csu_init)

Discarded input sections

 .rodata.cst4   0x0000000000000000        0x4 /home/rako/Data/SourceCode/CrossCompiler_Utils/gcc-linaro-5.4.1-2017.01-x86_64_arm-linux/Compiler/gcc-linaro-5.4.1-2017.01-x86_64_arm-linux-gnueabihf/bin/../arm-linux-gnueabihf/libc/usr/lib/crt1.o
 .ARM.extab     0x0000000000000000        0x0 /home/rako/Data/SourceCode/CrossCompiler_Utils/gcc-linaro-5.4.1-2017.01-x86_64_arm-linux/Compiler/gcc-linaro-5.4.1-2017.01-x86_64_arm-linux-gnueabihf/bin/../arm-linux-gnueabihf/libc/usr/lib/crt1.o
 .data          0x0000000000000000        0x4 /home/rako/Data/SourceCode/CrossCompiler_Utils/gcc-linaro-5.4.1-2017.01-x86_64_arm-linux/Compiler/gcc-linaro-5.4.1-2017.01-x86_64_arm-linux-gnueabihf/bin/../arm-linux-gnueabihf/libc/usr/lib/crt1.o
 .bss           0x0000000000000000        0x0 /home/rako/Data/SourceCode/CrossCompiler_Utils/gcc-linaro-5.4.1-2017.01-x86_64_arm-linux/Compiler/gcc-linaro-5.4.1-2017.01-x86_64_arm-linux-gnueabihf/bin/../arm-linux-gnueabihf/libc/usr/lib/crt1.o
 .note.GNU-stack
                0x0000000000000000        0x0 /home/rako/Data/SourceCode/CrossCompiler_Utils/gcc-linaro-5.4.1-2017.01-x86_64_arm-linux/Compiler/gcc-linaro-5.4.1-2017.01-x86_64_arm-linux-gnueabihf/bin/../arm-linux-gnueabihf/libc/usr/lib/crt1.o
 .data          0x0000000000000000        0x0 /home/rako/Data/SourceCode/CrossCompiler_Utils/gcc-linaro-5.4.1-2017.01-x86_64_arm-linux/Compiler/gcc-linaro-5.4.1-2017.01-x86_64_arm-linux-gnueabihf/bin/../arm-linux-gnueabihf/libc/usr/lib/crti.o
 .bss           0x0000000000000000        0x0 /home/rako/Data/SourceCode/CrossCompiler_Utils/gcc-linaro-5.4.1-2017.01-x86_64_arm-linux/Compiler/gcc-linaro-5.4.1-2017.01-x86_64_arm-linux-gnueabihf/bin/../arm-linux-gnueabihf/libc/usr/lib/crti.o
 .note.GNU-stack
                0x0000000000000000        0x0 /home/rako/Data/SourceCode/CrossCompiler_Utils/gcc-linaro-5.4.1-2017.01-x86_64_arm-linux/Compiler/gcc-linaro-5.4.1-2017.01-x86_64_arm-linux-gnueabihf/bin/../arm-linux-gnueabihf/libc/usr/lib/crti.o
 .note.GNU-stack
                0x0000000000000000        0x0 /home/rako/Data/SourceCode/CrossCompiler_Utils/gcc-linaro-5.4.1-2017.01-x86_64_arm-linux/Compiler/gcc-linaro-5.4.1-2017.01-x86_64_arm-linux-gnueabihf/bin/../lib/gcc/arm-linux-gnueabihf/5.4.1/crtbegin.o
 .group         0x0000000000000000        0x8 ./src/CSock.o
 .group         0x0000000000000000        0x8 ./src/CSock.o
 .group         0x0000000000000000        0x8 ./src/CSock.o
 .group         0x0000000000000000        0x8 ./src/CSock.o
 .group         0x0000000000000000        0x8 ./src/CSock.o
 .group         0x0000000000000000        0x8 ./src/CSock.o
 .group         0x0000000000000000        0x8 ./src/CSock.o
 .group         0x0000000000000000        0x8 ./src/CSock.o
 .group         0x0000000000000000        0x8 ./src/CSock.o
 .group         0x0000000000000000        0x8 ./src/CSock.o
 .group         0x0000000000000000        0x8 ./src/CSock.o
 .group         0x0000000000000000        0x8 ./src/CSock.o
 .group         0x0000000000000000        0x8 ./src/CSock.o
 .group         0x0000000000000000        0x8 ./src/CSock.o
 .group         0x0000000000000000        0x8 ./src/CSock.o
 .group         0x0000000000000000        0x8 ./src/CSock.o
 .group         0x0000000000000000        0x8 ./src/CSock.o
 .group         0x0000000000000000        0x8 ./src/CSock.o
 .group         0x0000000000000000        0x8 ./src/CSock.o
 .group         0x0000000000000000        0x8 ./src/CSock.o
 .group         0x0000000000000000        0x8 ./src/CSock.o
 .group         0x0000000000000000        0x8 ./src/CSock.o
 .group         0x0000000000000000        0x8 ./src/CSock.o
 .group         0x0000000000000000        0x8 ./src/CSock.o
 .group         0x0000000000000000        0x8 ./src/CSock.o
 .group         0x0000000000000000        0x8 ./src/CSock.o
 .group         0x0000000000000000        0x8 ./src/CSock.o
 .group         0x0000000000000000        0x8 ./src/CSock.o
 .group         0x0000000000000000        0x8 ./src/CSock.o
 .group         0x0000000000000000        0x8 ./src/CSock.o
 .group         0x0000000000000000        0x8 ./src/CSock.o
 .group         0x0000000000000000        0x8 ./src/CSock.o
 .group         0x0000000000000000        0x8 ./src/CSock.o
 .group         0x0000000000000000        0x8 ./src/CSock.o
 .group         0x0000000000000000        0x8 ./src/CSock.o
 .group         0x0000000000000000        0x8 ./src/CSock.o
 .group         0x0000000000000000        0x8 ./src/CSock.o
 .group         0x0000000000000000        0x8 ./src/CSock.o
 .group         0x0000000000000000        0x8 ./src/CSock.o
 .group         0x0000000000000000        0x8 ./src/CSock.o
 .group         0x0000000000000000        0x8 ./src/CSock.o
 .group         0x0000000000000000        0x8 ./src/CSock.o
 .group         0x0000000000000000        0x8 ./src/CSock.o
 .group         0x0000000000000000        0x8 ./src/CSock.o
 .group         0x0000000000000000        0x8 ./src/CSock.o
 .group         0x0000000000000000        0x8 ./src/CSock.o
 .group         0x0000000000000000        0x8 ./src/CSock.o
 .group         0x0000000000000000        0x8 ./src/CSock.o
 .group         0x0000000000000000        0x8 ./src/CSock.o
 .group         0x0000000000000000        0x8 ./src/CSock.o
 .group         0x0000000000000000        0x8 ./src/CSock.o
 .group         0x0000000000000000        0x8 ./src/CSock.o
 .group         0x0000000000000000        0x8 ./src/CSock.o
 .group         0x0000000000000000        0x8 ./src/CSock.o
 .group         0x0000000000000000        0x8 ./src/CSock.o
 .group         0x0000000000000000        0x8 ./src/CSock.o
 .group         0x0000000000000000        0x8 ./src/CSock.o
 .group         0x0000000000000000        0x8 ./src/CSock.o
 .group         0x0000000000000000        0x8 ./src/CSock.o
 .group         0x0000000000000000        0x8 ./src/CSock.o
 .group         0x0000000000000000        0x8 ./src/CSock.o
 .group         0x0000000000000000        0x8 ./src/CSock.o
 .group         0x0000000000000000        0x8 ./src/CSock.o
 .group         0x0000000000000000        0x8 ./src/CSock.o
 .group         0x0000000000000000        0x8 ./src/CSock.o
 .group         0x0000000000000000        0x8 ./src/CSock.o
 .group         0x0000000000000000        0x8 ./src/CSock.o
 .group         0x0000000000000000        0x8 ./src/CSock.o
 .group         0x0000000000000000        0x8 ./src/CSock.o
 .group         0x0000000000000000        0x8 ./src/CSock.o
 .group         0x0000000000000000        0x8 ./src/CSock.o
 .group         0x0000000000000000        0x8 ./src/CSock.o
 .group         0x0000000000000000        0x8 ./src/CSock.o
 .group         0x0000000000000000        0x8 ./src/CSock.o
 .group         0x0000000000000000        0x8 ./src/CSock.o
 .group         0x0000000000000000        0x8 ./src/CSock.o
 .group         0x0000000000000000        0x8 ./src/CSock.o
 .group         0x0000000000000000        0x8 ./src/CSock.o
 .group         0x0000000000000000        0x8 ./src/CSock.o
 .group         0x0000000000000000        0x8 ./src/CSock.o
 .group         0x0000000000000000        0x8 ./src/CSock.o
 .group         0x0000000000000000        0x8 ./src/CSock.o
 .group         0x0000000000000000        0x8 ./src/CSock.o
 .group         0x0000000000000000        0x8 ./src/CSock.o
 .group         0x0000000000000000        0x8 ./src/CSock.o
 .group         0x0000000000000000        0x8 ./src/CSock.o
 .group         0x0000000000000000        0x8 ./src/CSock.o
 .group         0x0000000000000000        0x8 ./src/CSock.o
 .group         0x0000000000000000        0x8 ./src/CSock.o
 .group         0x0000000000000000        0x8 ./src/CSock.o
 .group         0x0000000000000000        0x8 ./src/CSock.o
 .group         0x0000000000000000        0x8 ./src/CSock.o
 .group         0x0000000000000000        0x8 ./src/CSock.o
 .group         0x0000000000000000        0x8 ./src/CSock.o
 .group         0x0000000000000000        0x8 ./src/CSock.o
 .group         0x0000000000000000        0x8 ./src/CSock.o
 .group         0x0000000000000000        0x8 ./src/CSock.o
 .group         0x0000000000000000        0x8 ./src/CSock.o
 .group         0x0000000000000000        0x8 ./src/CSock.o
 .group         0x0000000000000000        0x8 ./src/CSock.o
 .group         0x0000000000000000        0x8 ./src/CSock.o
 .group         0x0000000000000000        0x8 ./src/CSock.o
 .group         0x0000000000000000        0x8 ./src/CSock.o
 .group         0x0000000000000000        0x8 ./src/CSock.o
 .group         0x0000000000000000        0x8 ./src/CSock.o
 .group         0x0000000000000000        0x8 ./src/CSock.o
 .group         0x0000000000000000        0x8 ./src/CSock.o
 .group         0x0000000000000000        0x8 ./src/CSock.o
 .group         0x0000000000000000        0x8 ./src/CSock.o
 .group         0x0000000000000000        0x8 ./src/CSock.o
 .group         0x0000000000000000        0x8 ./src/CSock.o
 .group         0x0000000000000000        0x8 ./src/CSock.o
 .group         0x0000000000000000        0x8 ./src/CSock.o
 .group         0x0000000000000000        0x8 ./src/CSock.o
 .group         0x0000000000000000        0x8 ./src/CSock.o
 .group         0x0000000000000000        0x8 ./src/CSock.o
 .group         0x0000000000000000        0x8 ./src/CSock.o
 .group         0x0000000000000000        0x8 ./src/CSock.o
 .group         0x0000000000000000        0x8 ./src/CSock.o
 .group         0x0000000000000000        0x8 ./src/CSock.o
 .group         0x0000000000000000        0x8 ./src/CSock.o
 .group         0x0000000000000000        0x8 ./src/CSock.o
 .group         0x0000000000000000        0x8 ./src/CSock.o
 .group         0x0000000000000000        0x8 ./src/CSock.o
 .group         0x0000000000000000        0x8 ./src/CSock.o
 .group         0x0000000000000000        0x8 ./src/CSock.o
 .text          0x0000000000000000        0x0 ./src/CSock.o
 .data          0x0000000000000000        0x0 ./src/CSock.o
 .bss           0x0000000000000000        0x0 ./src/CSock.o
 .rodata._ZStL19piecewise_construct
                0x0000000000000000        0x4 ./src/CSock.o
 .rodata._ZStL13allocator_arg
                0x0000000000000000        0x4 ./src/CSock.o
 .rodata._ZStL6ignore
                0x0000000000000000        0x4 ./src/CSock.o
 .rodata._ZN9__gnu_cxxL21__default_lock_policyE
                0x0000000000000000        0x4 ./src/CSock.o
 .text._ZN5CSockC2Ei
                0x0000000000000000       0x38 ./src/CSock.o
 .ARM.extab.text._ZN5CSockC2Ei
                0x0000000000000000        0xc ./src/CSock.o
 .ARM.exidx.text._ZN5CSockC2Ei
                0x0000000000000000        0x8 ./src/CSock.o
 .ARM.extab.text._ZN5CSockD0Ev
                0x0000000000000000        0x0 ./src/CSock.o
 .text._ZN5CSock6createEi
                0x0000000000000000       0xa4 ./src/CSock.o
 .ARM.extab.text._ZN5CSock6createEi
                0x0000000000000000        0xc ./src/CSock.o
 .ARM.exidx.text._ZN5CSock6createEi
                0x0000000000000000        0x8 ./src/CSock.o
 .text._ZN5CSock8doListenEv
                0x0000000000000000       0x5c ./src/CSock.o
 .ARM.extab.text._ZN5CSock8doListenEv
                0x0000000000000000        0xc ./src/CSock.o
 .ARM.exidx.text._ZN5CSock8doListenEv
                0x0000000000000000        0x8 ./src/CSock.o
 .text._ZN5CSock8doAcceptEv
                0x0000000000000000       0x78 ./src/CSock.o
 .ARM.extab.text._ZN5CSock8doAcceptEv
                0x0000000000000000       0x1c ./src/CSock.o
 .ARM.exidx.text._ZN5CSock8doAcceptEv
                0x0000000000000000        0x8 ./src/CSock.o
 .note.GNU-stack
                0x0000000000000000        0x0 ./src/CSock.o
 .group         0x0000000000000000        0x8 ./src/C_GPIO.o
 .group         0x0000000000000000        0x8 ./src/C_GPIO.o
 .group         0x0000000000000000        0x8 ./src/C_GPIO.o
 .group         0x0000000000000000        0x8 ./src/C_GPIO.o
 .group         0x0000000000000000        0x8 ./src/C_GPIO.o
 .group         0x0000000000000000        0x8 ./src/C_GPIO.o
 .group         0x0000000000000000        0x8 ./src/C_GPIO.o
 .group         0x0000000000000000        0x8 ./src/C_GPIO.o
 .group         0x0000000000000000        0x8 ./src/C_GPIO.o
 .group         0x0000000000000000        0x8 ./src/C_GPIO.o
 .group         0x0000000000000000        0x8 ./src/C_GPIO.o
 .group         0x0000000000000000        0x8 ./src/C_GPIO.o
 .group         0x0000000000000000        0x8 ./src/C_GPIO.o
 .group         0x0000000000000000        0x8 ./src/C_GPIO.o
 .group         0x0000000000000000        0x8 ./src/C_GPIO.o
 .group         0x0000000000000000        0x8 ./src/C_GPIO.o
 .group         0x0000000000000000        0x8 ./src/C_GPIO.o
 .group         0x0000000000000000        0x8 ./src/C_GPIO.o
 .group         0x0000000000000000        0x8 ./src/C_GPIO.o
 .group         0x0000000000000000        0x8 ./src/C_GPIO.o
 .group         0x0000000000000000        0x8 ./src/C_GPIO.o
 .group         0x0000000000000000        0x8 ./src/C_GPIO.o
 .group         0x0000000000000000        0x8 ./src/C_GPIO.o
 .group         0x0000000000000000        0x8 ./src/C_GPIO.o
 .group         0x0000000000000000        0x8 ./src/C_GPIO.o
 .group         0x0000000000000000        0x8 ./src/C_GPIO.o
 .group         0x0000000000000000        0x8 ./src/C_GPIO.o
 .group         0x0000000000000000        0x8 ./src/C_GPIO.o
 .group         0x0000000000000000        0x8 ./src/C_GPIO.o
 .group         0x0000000000000000        0x8 ./src/C_GPIO.o
 .group         0x0000000000000000        0x8 ./src/C_GPIO.o
 .group         0x0000000000000000        0x8 ./src/C_GPIO.o
 .group         0x0000000000000000        0x8 ./src/C_GPIO.o
 .group         0x0000000000000000        0x8 ./src/C_GPIO.o
 .group         0x0000000000000000        0x8 ./src/C_GPIO.o
 .group         0x0000000000000000        0x8 ./src/C_GPIO.o
 .group         0x0000000000000000        0x8 ./src/C_GPIO.o
 .group         0x0000000000000000        0x8 ./src/C_GPIO.o
 .group         0x0000000000000000        0x8 ./src/C_GPIO.o
 .group         0x0000000000000000        0x8 ./src/C_GPIO.o
 .group         0x0000000000000000        0x8 ./src/C_GPIO.o
 .group         0x0000000000000000        0x8 ./src/C_GPIO.o
 .group         0x0000000000000000        0x8 ./src/C_GPIO.o
 .group         0x0000000000000000        0x8 ./src/C_GPIO.o
 .group         0x0000000000000000        0x8 ./src/C_GPIO.o
 .group         0x0000000000000000        0x8 ./src/C_GPIO.o
 .group         0x0000000000000000        0x8 ./src/C_GPIO.o
 .group         0x0000000000000000        0x8 ./src/C_GPIO.o
 .group         0x0000000000000000        0x8 ./src/C_GPIO.o
 .group         0x0000000000000000        0x8 ./src/C_GPIO.o
 .group         0x0000000000000000        0x8 ./src/C_GPIO.o
 .group         0x0000000000000000        0x8 ./src/C_GPIO.o
 .group         0x0000000000000000        0x8 ./src/C_GPIO.o
 .group         0x0000000000000000        0x8 ./src/C_GPIO.o
 .group         0x0000000000000000        0x8 ./src/C_GPIO.o
 .group         0x0000000000000000        0x8 ./src/C_GPIO.o
 .group         0x0000000000000000        0x8 ./src/C_GPIO.o
 .group         0x0000000000000000        0x8 ./src/C_GPIO.o
 .group         0x0000000000000000        0x8 ./src/C_GPIO.o
 .group         0x0000000000000000        0x8 ./src/C_GPIO.o
 .group         0x0000000000000000        0x8 ./src/C_GPIO.o
 .group         0x0000000000000000        0x8 ./src/C_GPIO.o
 .group         0x0000000000000000        0x8 ./src/C_GPIO.o
 .text          0x0000000000000000        0x0 ./src/C_GPIO.o
 .data          0x0000000000000000        0x0 ./src/C_GPIO.o
 .bss           0x0000000000000000        0x0 ./src/C_GPIO.o
 .ARM.extab.text._ZN6C_GPIOD2Ev
                0x0000000000000000        0x0 ./src/C_GPIO.o
 .ARM.extab.text._ZN6C_GPIOD0Ev
                0x0000000000000000        0x0 ./src/C_GPIO.o
 .text._ZN6C_GPIO11sunxi_readlEPVj
                0x0000000000000000       0x60 ./src/C_GPIO.o
 .ARM.extab.text._ZN6C_GPIO11sunxi_readlEPVj
                0x0000000000000000        0xc ./src/C_GPIO.o
 .ARM.exidx.text._ZN6C_GPIO11sunxi_readlEPVj
                0x0000000000000000        0x8 ./src/C_GPIO.o
 .text._ZN6C_GPIO12sunxi_writelEPVjj
                0x0000000000000000       0x54 ./src/C_GPIO.o
 .ARM.extab.text._ZN6C_GPIO12sunxi_writelEPVjj
                0x0000000000000000        0xc ./src/C_GPIO.o
 .ARM.exidx.text._ZN6C_GPIO12sunxi_writelEPVjj
                0x0000000000000000        0x8 ./src/C_GPIO.o
 .text._ZN6C_GPIO10short_waitEv
                0x0000000000000000       0x38 ./src/C_GPIO.o
 .ARM.extab.text._ZN6C_GPIO10short_waitEv
                0x0000000000000000        0x0 ./src/C_GPIO.o
 .ARM.exidx.text._ZN6C_GPIO10short_waitEv
                0x0000000000000000        0x8 ./src/C_GPIO.o
 .text._ZN6C_GPIO19sunxi_gpio_functionEi
                0x0000000000000000       0x9c ./src/C_GPIO.o
 .ARM.extab.text._ZN6C_GPIO19sunxi_gpio_functionEi
                0x0000000000000000        0xc ./src/C_GPIO.o
 .ARM.exidx.text._ZN6C_GPIO19sunxi_gpio_functionEi
                0x0000000000000000        0x8 ./src/C_GPIO.o
 .text._ZN6C_GPIO16sunxi_input_gpioEi
                0x0000000000000000       0x90 ./src/C_GPIO.o
 .ARM.extab.text._ZN6C_GPIO16sunxi_input_gpioEi
                0x0000000000000000        0xc ./src/C_GPIO.o
 .ARM.exidx.text._ZN6C_GPIO16sunxi_input_gpioEi
                0x0000000000000000        0x8 ./src/C_GPIO.o
 .ARM.extab.text._ZN6C_GPIO7cleanupEv
                0x0000000000000000        0x0 ./src/C_GPIO.o
 .debug_macro   0x0000000000000000      0x96a ./src/C_GPIO.o
 .debug_macro   0x0000000000000000       0x22 ./src/C_GPIO.o
 .debug_macro   0x0000000000000000       0x1c ./src/C_GPIO.o
 .debug_macro   0x0000000000000000      0x275 ./src/C_GPIO.o
 .debug_macro   0x0000000000000000      0x16f ./src/C_GPIO.o
 .debug_macro   0x0000000000000000       0x35 ./src/C_GPIO.o
 .debug_macro   0x0000000000000000       0x70 ./src/C_GPIO.o
 .debug_macro   0x0000000000000000       0x16 ./src/C_GPIO.o
 .debug_macro   0x0000000000000000       0x97 ./src/C_GPIO.o
 .debug_macro   0x0000000000000000       0x5e ./src/C_GPIO.o
 .debug_macro   0x0000000000000000       0xd6 ./src/C_GPIO.o
 .debug_macro   0x0000000000000000       0x2e ./src/C_GPIO.o
 .debug_macro   0x0000000000000000       0x16 ./src/C_GPIO.o
 .debug_macro   0x0000000000000000       0x20 ./src/C_GPIO.o
 .debug_macro   0x0000000000000000       0x1e ./src/C_GPIO.o
 .debug_macro   0x0000000000000000       0x28 ./src/C_GPIO.o
 .debug_macro   0x0000000000000000       0x58 ./src/C_GPIO.o
 .debug_macro   0x0000000000000000       0x10 ./src/C_GPIO.o
 .debug_macro   0x0000000000000000      0x1c2 ./src/C_GPIO.o
 .debug_macro   0x0000000000000000       0x5e ./src/C_GPIO.o
 .debug_macro   0x0000000000000000       0x2e ./src/C_GPIO.o
 .debug_macro   0x0000000000000000       0x27 ./src/C_GPIO.o
 .debug_macro   0x0000000000000000       0x16 ./src/C_GPIO.o
 .debug_macro   0x0000000000000000       0x3a ./src/C_GPIO.o
 .debug_macro   0x0000000000000000       0x1c ./src/C_GPIO.o
 .debug_macro   0x0000000000000000       0x28 ./src/C_GPIO.o
 .debug_macro   0x0000000000000000       0x10 ./src/C_GPIO.o
 .debug_macro   0x0000000000000000       0x10 ./src/C_GPIO.o
 .debug_macro   0x0000000000000000       0x4c ./src/C_GPIO.o
 .debug_macro   0x0000000000000000       0x6d ./src/C_GPIO.o
 .debug_macro   0x0000000000000000       0x3a ./src/C_GPIO.o
 .debug_macro   0x0000000000000000       0x19 ./src/C_GPIO.o
 .debug_macro   0x0000000000000000       0x12 ./src/C_GPIO.o
 .debug_macro   0x0000000000000000       0x1c ./src/C_GPIO.o
 .debug_macro   0x0000000000000000       0x10 ./src/C_GPIO.o
 .debug_macro   0x0000000000000000       0x16 ./src/C_GPIO.o
 .debug_macro   0x0000000000000000       0x28 ./src/C_GPIO.o
 .debug_macro   0x0000000000000000       0x10 ./src/C_GPIO.o
 .debug_macro   0x0000000000000000       0x46 ./src/C_GPIO.o
 .debug_macro   0x0000000000000000       0x1c ./src/C_GPIO.o
 .debug_macro   0x0000000000000000       0x20 ./src/C_GPIO.o
 .debug_macro   0x0000000000000000       0x59 ./src/C_GPIO.o
 .debug_macro   0x0000000000000000       0x10 ./src/C_GPIO.o
 .debug_macro   0x0000000000000000       0x10 ./src/C_GPIO.o
 .debug_macro   0x0000000000000000       0x16 ./src/C_GPIO.o
 .note.GNU-stack
                0x0000000000000000        0x0 ./src/C_GPIO.o
 .group         0x0000000000000000       0x10 ./src/LoadControlCalculatur.o
 .group         0x0000000000000000       0x10 ./src/LoadControlCalculatur.o
 .group         0x0000000000000000       0x10 ./src/LoadControlCalculatur.o
 .group         0x0000000000000000       0x10 ./src/LoadControlCalculatur.o
 .group         0x0000000000000000       0x10 ./src/LoadControlCalculatur.o
 .group         0x0000000000000000       0x10 ./src/LoadControlCalculatur.o
 .group         0x0000000000000000       0x10 ./src/LoadControlCalculatur.o
 .group         0x0000000000000000       0x10 ./src/LoadControlCalculatur.o
 .group         0x0000000000000000       0x10 ./src/LoadControlCalculatur.o
 .group         0x0000000000000000       0x10 ./src/LoadControlCalculatur.o
 .group         0x0000000000000000       0x10 ./src/LoadControlCalculatur.o
 .group         0x0000000000000000       0x10 ./src/LoadControlCalculatur.o
 .group         0x0000000000000000       0x10 ./src/LoadControlCalculatur.o
 .group         0x0000000000000000       0x10 ./src/LoadControlCalculatur.o
 .group         0x0000000000000000       0x10 ./src/LoadControlCalculatur.o
 .group         0x0000000000000000       0x1c ./src/LoadControlCalculatur.o
 .group         0x0000000000000000       0x10 ./src/LoadControlCalculatur.o
 .group         0x0000000000000000       0x10 ./src/LoadControlCalculatur.o
 .group         0x0000000000000000       0x10 ./src/LoadControlCalculatur.o
 .group         0x0000000000000000       0x10 ./src/LoadControlCalculatur.o
 .group         0x0000000000000000       0x10 ./src/LoadControlCalculatur.o
 .group         0x0000000000000000       0x10 ./src/LoadControlCalculatur.o
 .group         0x0000000000000000       0x10 ./src/LoadControlCalculatur.o
 .group         0x0000000000000000       0x10 ./src/LoadControlCalculatur.o
 .group         0x0000000000000000       0x10 ./src/LoadControlCalculatur.o
 .group         0x0000000000000000       0x10 ./src/LoadControlCalculatur.o
 .group         0x0000000000000000       0x10 ./src/LoadControlCalculatur.o
 .group         0x0000000000000000       0x10 ./src/LoadControlCalculatur.o
 .group         0x0000000000000000       0x10 ./src/LoadControlCalculatur.o
 .group         0x0000000000000000       0x10 ./src/LoadControlCalculatur.o
 .group         0x0000000000000000       0x10 ./src/LoadControlCalculatur.o
 .group         0x0000000000000000       0x10 ./src/LoadControlCalculatur.o
 .group         0x0000000000000000       0x10 ./src/LoadControlCalculatur.o
 .group         0x0000000000000000       0x10 ./src/LoadControlCalculatur.o
 .group         0x0000000000000000       0x10 ./src/LoadControlCalculatur.o
 .group         0x0000000000000000       0x10 ./src/LoadControlCalculatur.o
 .group         0x0000000000000000       0x10 ./src/LoadControlCalculatur.o
 .group         0x0000000000000000       0x10 ./src/LoadControlCalculatur.o
 .group         0x0000000000000000       0x10 ./src/LoadControlCalculatur.o
 .group         0x0000000000000000       0x10 ./src/LoadControlCalculatur.o
 .group         0x0000000000000000       0x10 ./src/LoadControlCalculatur.o
 .group         0x0000000000000000       0x10 ./src/LoadControlCalculatur.o
 .group         0x0000000000000000       0x10 ./src/LoadControlCalculatur.o
 .group         0x0000000000000000       0x10 ./src/LoadControlCalculatur.o
 .group         0x0000000000000000       0x10 ./src/LoadControlCalculatur.o
 .group         0x0000000000000000       0x10 ./src/LoadControlCalculatur.o
 .group         0x0000000000000000       0x10 ./src/LoadControlCalculatur.o
 .group         0x0000000000000000       0x10 ./src/LoadControlCalculatur.o
 .group         0x0000000000000000       0x10 ./src/LoadControlCalculatur.o
 .group         0x0000000000000000       0x10 ./src/LoadControlCalculatur.o
 .group         0x0000000000000000       0x10 ./src/LoadControlCalculatur.o
 .group         0x0000000000000000       0x10 ./src/LoadControlCalculatur.o
 .group         0x0000000000000000       0x10 ./src/LoadControlCalculatur.o
 .group         0x0000000000000000       0x10 ./src/LoadControlCalculatur.o
 .group         0x0000000000000000       0x10 ./src/LoadControlCalculatur.o
 .group         0x0000000000000000       0x10 ./src/LoadControlCalculatur.o
 .group         0x0000000000000000       0x10 ./src/LoadControlCalculatur.o
 .group         0x0000000000000000       0x10 ./src/LoadControlCalculatur.o
 .group         0x0000000000000000       0x10 ./src/LoadControlCalculatur.o
 .group         0x0000000000000000       0x10 ./src/LoadControlCalculatur.o
 .group         0x0000000000000000       0x10 ./src/LoadControlCalculatur.o
 .group         0x0000000000000000       0x10 ./src/LoadControlCalculatur.o
 .group         0x0000000000000000       0x10 ./src/LoadControlCalculatur.o
 .group         0x0000000000000000       0x10 ./src/LoadControlCalculatur.o
 .group         0x0000000000000000       0x10 ./src/LoadControlCalculatur.o
 .group         0x0000000000000000       0x10 ./src/LoadControlCalculatur.o
 .group         0x0000000000000000       0x10 ./src/LoadControlCalculatur.o
 .group         0x0000000000000000       0x10 ./src/LoadControlCalculatur.o
 .group         0x0000000000000000       0x10 ./src/LoadControlCalculatur.o
 .group         0x0000000000000000       0x10 ./src/LoadControlCalculatur.o
 .group         0x0000000000000000       0x10 ./src/LoadControlCalculatur.o
 .group         0x0000000000000000       0x10 ./src/LoadControlCalculatur.o
 .group         0x0000000000000000       0x10 ./src/LoadControlCalculatur.o
 .group         0x0000000000000000       0x10 ./src/LoadControlCalculatur.o
 .group         0x0000000000000000       0x10 ./src/LoadControlCalculatur.o
 .group         0x0000000000000000       0x10 ./src/LoadControlCalculatur.o
 .group         0x0000000000000000       0x10 ./src/LoadControlCalculatur.o
 .group         0x0000000000000000       0x10 ./src/LoadControlCalculatur.o
 .group         0x0000000000000000       0x10 ./src/LoadControlCalculatur.o
 .group         0x0000000000000000       0x10 ./src/LoadControlCalculatur.o
 .group         0x0000000000000000       0x10 ./src/LoadControlCalculatur.o
 .group         0x0000000000000000       0x10 ./src/LoadControlCalculatur.o
 .group         0x0000000000000000       0x10 ./src/LoadControlCalculatur.o
 .group         0x0000000000000000       0x10 ./src/LoadControlCalculatur.o
 .group         0x0000000000000000       0x10 ./src/LoadControlCalculatur.o
 .group         0x0000000000000000       0x10 ./src/LoadControlCalculatur.o
 .group         0x0000000000000000       0x10 ./src/LoadControlCalculatur.o
 .group         0x0000000000000000       0x10 ./src/LoadControlCalculatur.o
 .group         0x0000000000000000       0x10 ./src/LoadControlCalculatur.o
 .group         0x0000000000000000       0x10 ./src/LoadControlCalculatur.o
 .group         0x0000000000000000       0x10 ./src/LoadControlCalculatur.o
 .group         0x0000000000000000       0x10 ./src/LoadControlCalculatur.o
 .group         0x0000000000000000       0x10 ./src/LoadControlCalculatur.o
 .group         0x0000000000000000       0x10 ./src/LoadControlCalculatur.o
 .group         0x0000000000000000       0x10 ./src/LoadControlCalculatur.o
 .group         0x0000000000000000       0x10 ./src/LoadControlCalculatur.o
 .group         0x0000000000000000       0x10 ./src/LoadControlCalculatur.o
 .group         0x0000000000000000       0x10 ./src/LoadControlCalculatur.o
 .group         0x0000000000000000       0x10 ./src/LoadControlCalculatur.o
 .group         0x0000000000000000       0x10 ./src/LoadControlCalculatur.o
 .group         0x0000000000000000       0x10 ./src/LoadControlCalculatur.o
 .group         0x0000000000000000       0x1c ./src/LoadControlCalculatur.o
 .group         0x0000000000000000       0x10 ./src/LoadControlCalculatur.o
 .group         0x0000000000000000       0x10 ./src/LoadControlCalculatur.o
 .group         0x0000000000000000       0x10 ./src/LoadControlCalculatur.o
 .group         0x0000000000000000       0x10 ./src/LoadControlCalculatur.o
 .group         0x0000000000000000       0x10 ./src/LoadControlCalculatur.o
 .group         0x0000000000000000       0x10 ./src/LoadControlCalculatur.o
 .group         0x0000000000000000       0x10 ./src/LoadControlCalculatur.o
 .group         0x0000000000000000       0x10 ./src/LoadControlCalculatur.o
 .group         0x0000000000000000       0x10 ./src/LoadControlCalculatur.o
 .group         0x0000000000000000       0x10 ./src/LoadControlCalculatur.o
 .group         0x0000000000000000       0x10 ./src/LoadControlCalculatur.o
 .group         0x0000000000000000       0x10 ./src/LoadControlCalculatur.o
 .group         0x0000000000000000       0x10 ./src/LoadControlCalculatur.o
 .group         0x0000000000000000       0x10 ./src/LoadControlCalculatur.o
 .group         0x0000000000000000       0x10 ./src/LoadControlCalculatur.o
 .group         0x0000000000000000       0x10 ./src/LoadControlCalculatur.o
 .group         0x0000000000000000       0x10 ./src/LoadControlCalculatur.o
 .group         0x0000000000000000       0x10 ./src/LoadControlCalculatur.o
 .group         0x0000000000000000       0x10 ./src/LoadControlCalculatur.o
 .group         0x0000000000000000       0x10 ./src/LoadControlCalculatur.o
 .group         0x0000000000000000       0x10 ./src/LoadControlCalculatur.o
 .group         0x0000000000000000       0x10 ./src/LoadControlCalculatur.o
 .group         0x0000000000000000       0x10 ./src/LoadControlCalculatur.o
 .group         0x0000000000000000       0x10 ./src/LoadControlCalculatur.o
 .group         0x0000000000000000       0x10 ./src/LoadControlCalculatur.o
 .group         0x0000000000000000       0x10 ./src/LoadControlCalculatur.o
 .group         0x0000000000000000       0x10 ./src/LoadControlCalculatur.o
 .group         0x0000000000000000       0x10 ./src/LoadControlCalculatur.o
 .group         0x0000000000000000       0x10 ./src/LoadControlCalculatur.o
 .group         0x0000000000000000       0x10 ./src/LoadControlCalculatur.o
 .group         0x0000000000000000       0x10 ./src/LoadControlCalculatur.o
 .group         0x0000000000000000       0x10 ./src/LoadControlCalculatur.o
 .group         0x0000000000000000       0x10 ./src/LoadControlCalculatur.o
 .group         0x0000000000000000       0x10 ./src/LoadControlCalculatur.o
 .group         0x0000000000000000       0x10 ./src/LoadControlCalculatur.o
 .group         0x0000000000000000       0x10 ./src/LoadControlCalculatur.o
 .group         0x0000000000000000       0x10 ./src/LoadControlCalculatur.o
 .group         0x0000000000000000       0x10 ./src/LoadControlCalculatur.o
 .group         0x0000000000000000       0x10 ./src/LoadControlCalculatur.o
 .group         0x0000000000000000       0x10 ./src/LoadControlCalculatur.o
 .group         0x0000000000000000       0x10 ./src/LoadControlCalculatur.o
 .group         0x0000000000000000       0x10 ./src/LoadControlCalculatur.o
 .group         0x0000000000000000       0x10 ./src/LoadControlCalculatur.o
 .group         0x0000000000000000       0x10 ./src/LoadControlCalculatur.o
 .group         0x0000000000000000       0x10 ./src/LoadControlCalculatur.o
 .group         0x0000000000000000       0x10 ./src/LoadControlCalculatur.o
 .group         0x0000000000000000       0x10 ./src/LoadControlCalculatur.o
 .group         0x0000000000000000       0x10 ./src/LoadControlCalculatur.o
 .group         0x0000000000000000       0x10 ./src/LoadControlCalculatur.o
 .group         0x0000000000000000       0x10 ./src/LoadControlCalculatur.o
 .group         0x0000000000000000       0x10 ./src/LoadControlCalculatur.o
 .group         0x0000000000000000       0x10 ./src/LoadControlCalculatur.o
 .group         0x0000000000000000       0x10 ./src/LoadControlCalculatur.o
 .group         0x0000000000000000       0x10 ./src/LoadControlCalculatur.o
 .group         0x0000000000000000       0x10 ./src/LoadControlCalculatur.o
 .group         0x0000000000000000       0x10 ./src/LoadControlCalculatur.o
 .group         0x0000000000000000       0x10 ./src/LoadControlCalculatur.o
 .group         0x0000000000000000       0x10 ./src/LoadControlCalculatur.o
 .group         0x0000000000000000       0x10 ./src/LoadControlCalculatur.o
 .group         0x0000000000000000       0x10 ./src/LoadControlCalculatur.o
 .group         0x0000000000000000       0x10 ./src/LoadControlCalculatur.o
 .group         0x0000000000000000       0x10 ./src/LoadControlCalculatur.o
 .group         0x0000000000000000       0x10 ./src/LoadControlCalculatur.o
 .group         0x0000000000000000       0x10 ./src/LoadControlCalculatur.o
 .group         0x0000000000000000       0x10 ./src/LoadControlCalculatur.o
 .group         0x0000000000000000       0x10 ./src/LoadControlCalculatur.o
 .group         0x0000000000000000       0x10 ./src/LoadControlCalculatur.o
 .group         0x0000000000000000       0x10 ./src/LoadControlCalculatur.o
 .group         0x0000000000000000       0x10 ./src/LoadControlCalculatur.o
 .group         0x0000000000000000       0x10 ./src/LoadControlCalculatur.o
 .group         0x0000000000000000       0x10 ./src/LoadControlCalculatur.o
 .group         0x0000000000000000       0x10 ./src/LoadControlCalculatur.o
 .group         0x0000000000000000       0x10 ./src/LoadControlCalculatur.o
 .group         0x0000000000000000       0x10 ./src/LoadControlCalculatur.o
 .group         0x0000000000000000       0x10 ./src/LoadControlCalculatur.o
 .group         0x0000000000000000       0x10 ./src/LoadControlCalculatur.o
 .group         0x0000000000000000       0x10 ./src/LoadControlCalculatur.o
 .group         0x0000000000000000       0x10 ./src/LoadControlCalculatur.o
 .group         0x0000000000000000        0x8 ./src/LoadControlCalculatur.o
 .group         0x0000000000000000        0x8 ./src/LoadControlCalculatur.o
 .group         0x0000000000000000       0x1c ./src/LoadControlCalculatur.o
 .group         0x0000000000000000        0x8 ./src/LoadControlCalculatur.o
 .group         0x0000000000000000        0x8 ./src/LoadControlCalculatur.o
 .group         0x0000000000000000        0x8 ./src/LoadControlCalculatur.o
 .group         0x0000000000000000        0x8 ./src/LoadControlCalculatur.o
 .group         0x0000000000000000        0x8 ./src/LoadControlCalculatur.o
 .group         0x0000000000000000        0x8 ./src/LoadControlCalculatur.o
 .group         0x0000000000000000        0x8 ./src/LoadControlCalculatur.o
 .group         0x0000000000000000        0x8 ./src/LoadControlCalculatur.o
 .group         0x0000000000000000        0x8 ./src/LoadControlCalculatur.o
 .group         0x0000000000000000        0x8 ./src/LoadControlCalculatur.o
 .group         0x0000000000000000        0x8 ./src/LoadControlCalculatur.o
 .group         0x0000000000000000        0x8 ./src/LoadControlCalculatur.o
 .group         0x0000000000000000       0x1c ./src/LoadControlCalculatur.o
 .group         0x0000000000000000       0x10 ./src/LoadControlCalculatur.o
 .group         0x0000000000000000       0x10 ./src/LoadControlCalculatur.o
 .group         0x0000000000000000       0x10 ./src/LoadControlCalculatur.o
 .group         0x0000000000000000       0x10 ./src/LoadControlCalculatur.o
 .group         0x0000000000000000       0x10 ./src/LoadControlCalculatur.o
 .group         0x0000000000000000       0x10 ./src/LoadControlCalculatur.o
 .group         0x0000000000000000       0x10 ./src/LoadControlCalculatur.o
 .group         0x0000000000000000       0x10 ./src/LoadControlCalculatur.o
 .group         0x0000000000000000       0x10 ./src/LoadControlCalculatur.o
 .group         0x0000000000000000       0x10 ./src/LoadControlCalculatur.o
 .group         0x0000000000000000       0x10 ./src/LoadControlCalculatur.o
 .group         0x0000000000000000       0x10 ./src/LoadControlCalculatur.o
 .group         0x0000000000000000       0x10 ./src/LoadControlCalculatur.o
 .group         0x0000000000000000       0x10 ./src/LoadControlCalculatur.o
 .group         0x0000000000000000       0x10 ./src/LoadControlCalculatur.o
 .group         0x0000000000000000        0x8 ./src/LoadControlCalculatur.o
 .group         0x0000000000000000        0x8 ./src/LoadControlCalculatur.o
 .group         0x0000000000000000        0x8 ./src/LoadControlCalculatur.o
 .group         0x0000000000000000        0x8 ./src/LoadControlCalculatur.o
 .group         0x0000000000000000        0x8 ./src/LoadControlCalculatur.o
 .group         0x0000000000000000        0x8 ./src/LoadControlCalculatur.o
 .group         0x0000000000000000        0x8 ./src/LoadControlCalculatur.o
 .group         0x0000000000000000        0x8 ./src/LoadControlCalculatur.o
 .group         0x0000000000000000        0x8 ./src/LoadControlCalculatur.o
 .group         0x0000000000000000        0x8 ./src/LoadControlCalculatur.o
 .group         0x0000000000000000        0x8 ./src/LoadControlCalculatur.o
 .group         0x0000000000000000        0x8 ./src/LoadControlCalculatur.o
 .group         0x0000000000000000        0x8 ./src/LoadControlCalculatur.o
 .group         0x0000000000000000        0x8 ./src/LoadControlCalculatur.o
 .group         0x0000000000000000        0x8 ./src/LoadControlCalculatur.o
 .group         0x0000000000000000        0x8 ./src/LoadControlCalculatur.o
 .group         0x0000000000000000        0x8 ./src/LoadControlCalculatur.o
 .group         0x0000000000000000        0x8 ./src/LoadControlCalculatur.o
 .group         0x0000000000000000        0x8 ./src/LoadControlCalculatur.o
 .group         0x0000000000000000        0x8 ./src/LoadControlCalculatur.o
 .group         0x0000000000000000        0x8 ./src/LoadControlCalculatur.o
 .group         0x0000000000000000        0x8 ./src/LoadControlCalculatur.o
 .group         0x0000000000000000        0x8 ./src/LoadControlCalculatur.o
 .group         0x0000000000000000        0x8 ./src/LoadControlCalculatur.o
 .group         0x0000000000000000        0x8 ./src/LoadControlCalculatur.o
 .group         0x0000000000000000        0x8 ./src/LoadControlCalculatur.o
 .group         0x0000000000000000        0x8 ./src/LoadControlCalculatur.o
 .group         0x0000000000000000        0x8 ./src/LoadControlCalculatur.o
 .group         0x0000000000000000        0x8 ./src/LoadControlCalculatur.o
 .group         0x0000000000000000        0x8 ./src/LoadControlCalculatur.o
 .group         0x0000000000000000        0x8 ./src/LoadControlCalculatur.o
 .group         0x0000000000000000        0x8 ./src/LoadControlCalculatur.o
 .group         0x0000000000000000        0x8 ./src/LoadControlCalculatur.o
 .group         0x0000000000000000        0x8 ./src/LoadControlCalculatur.o
 .group         0x0000000000000000        0x8 ./src/LoadControlCalculatur.o
 .group         0x0000000000000000        0x8 ./src/LoadControlCalculatur.o
 .group         0x0000000000000000        0x8 ./src/LoadControlCalculatur.o
 .group         0x0000000000000000        0x8 ./src/LoadControlCalculatur.o
 .group         0x0000000000000000        0x8 ./src/LoadControlCalculatur.o
 .group         0x0000000000000000        0x8 ./src/LoadControlCalculatur.o
 .group         0x0000000000000000        0x8 ./src/LoadControlCalculatur.o
 .group         0x0000000000000000        0x8 ./src/LoadControlCalculatur.o
 .group         0x0000000000000000        0x8 ./src/LoadControlCalculatur.o
 .group         0x0000000000000000        0x8 ./src/LoadControlCalculatur.o
 .group         0x0000000000000000        0x8 ./src/LoadControlCalculatur.o
 .group         0x0000000000000000        0x8 ./src/LoadControlCalculatur.o
 .group         0x0000000000000000        0x8 ./src/LoadControlCalculatur.o
 .group         0x0000000000000000        0x8 ./src/LoadControlCalculatur.o
 .group         0x0000000000000000        0x8 ./src/LoadControlCalculatur.o
 .group         0x0000000000000000        0x8 ./src/LoadControlCalculatur.o
 .group         0x0000000000000000        0x8 ./src/LoadControlCalculatur.o
 .group         0x0000000000000000        0x8 ./src/LoadControlCalculatur.o
 .group         0x0000000000000000        0x8 ./src/LoadControlCalculatur.o
 .group         0x0000000000000000        0x8 ./src/LoadControlCalculatur.o
 .group         0x0000000000000000        0x8 ./src/LoadControlCalculatur.o
 .group         0x0000000000000000        0x8 ./src/LoadControlCalculatur.o
 .group         0x0000000000000000        0x8 ./src/LoadControlCalculatur.o
 .group         0x0000000000000000        0x8 ./src/LoadControlCalculatur.o
 .group         0x0000000000000000        0x8 ./src/LoadControlCalculatur.o
 .group         0x0000000000000000        0x8 ./src/LoadControlCalculatur.o
 .group         0x0000000000000000        0x8 ./src/LoadControlCalculatur.o
 .group         0x0000000000000000        0x8 ./src/LoadControlCalculatur.o
 .group         0x0000000000000000        0x8 ./src/LoadControlCalculatur.o
 .group         0x0000000000000000        0x8 ./src/LoadControlCalculatur.o
 .group         0x0000000000000000        0x8 ./src/LoadControlCalculatur.o
 .group         0x0000000000000000        0x8 ./src/LoadControlCalculatur.o
 .group         0x0000000000000000        0x8 ./src/LoadControlCalculatur.o
 .group         0x0000000000000000        0x8 ./src/LoadControlCalculatur.o
 .group         0x0000000000000000        0x8 ./src/LoadControlCalculatur.o
 .group         0x0000000000000000        0x8 ./src/LoadControlCalculatur.o
 .group         0x0000000000000000        0x8 ./src/LoadControlCalculatur.o
 .group         0x0000000000000000        0x8 ./src/LoadControlCalculatur.o
 .group         0x0000000000000000        0x8 ./src/LoadControlCalculatur.o
 .group         0x0000000000000000        0x8 ./src/LoadControlCalculatur.o
 .group         0x0000000000000000        0x8 ./src/LoadControlCalculatur.o
 .group         0x0000000000000000        0x8 ./src/LoadControlCalculatur.o
 .group         0x0000000000000000        0x8 ./src/LoadControlCalculatur.o
 .group         0x0000000000000000        0x8 ./src/LoadControlCalculatur.o
 .group         0x0000000000000000        0x8 ./src/LoadControlCalculatur.o
 .group         0x0000000000000000        0x8 ./src/LoadControlCalculatur.o
 .group         0x0000000000000000        0x8 ./src/LoadControlCalculatur.o
 .group         0x0000000000000000        0x8 ./src/LoadControlCalculatur.o
 .group         0x0000000000000000        0x8 ./src/LoadControlCalculatur.o
 .group         0x0000000000000000        0x8 ./src/LoadControlCalculatur.o
 .group         0x0000000000000000        0x8 ./src/LoadControlCalculatur.o
 .group         0x0000000000000000        0x8 ./src/LoadControlCalculatur.o
 .group         0x0000000000000000        0x8 ./src/LoadControlCalculatur.o
 .group         0x0000000000000000        0x8 ./src/LoadControlCalculatur.o
 .group         0x0000000000000000        0x8 ./src/LoadControlCalculatur.o
 .group         0x0000000000000000        0x8 ./src/LoadControlCalculatur.o
 .group         0x0000000000000000        0x8 ./src/LoadControlCalculatur.o
 .group         0x0000000000000000        0x8 ./src/LoadControlCalculatur.o
 .group         0x0000000000000000        0x8 ./src/LoadControlCalculatur.o
 .group         0x0000000000000000        0x8 ./src/LoadControlCalculatur.o
 .group         0x0000000000000000        0x8 ./src/LoadControlCalculatur.o
 .group         0x0000000000000000        0x8 ./src/LoadControlCalculatur.o
 .group         0x0000000000000000        0x8 ./src/LoadControlCalculatur.o
 .group         0x0000000000000000        0x8 ./src/LoadControlCalculatur.o
 .group         0x0000000000000000        0x8 ./src/LoadControlCalculatur.o
 .group         0x0000000000000000        0x8 ./src/LoadControlCalculatur.o
 .group         0x0000000000000000        0x8 ./src/LoadControlCalculatur.o
 .group         0x0000000000000000        0x8 ./src/LoadControlCalculatur.o
 .group         0x0000000000000000        0x8 ./src/LoadControlCalculatur.o
 .group         0x0000000000000000        0x8 ./src/LoadControlCalculatur.o
 .group         0x0000000000000000        0x8 ./src/LoadControlCalculatur.o
 .group         0x0000000000000000        0x8 ./src/LoadControlCalculatur.o
 .group         0x0000000000000000        0x8 ./src/LoadControlCalculatur.o
 .group         0x0000000000000000        0x8 ./src/LoadControlCalculatur.o
 .group         0x0000000000000000        0x8 ./src/LoadControlCalculatur.o
 .group         0x0000000000000000        0x8 ./src/LoadControlCalculatur.o
 .group         0x0000000000000000        0x8 ./src/LoadControlCalculatur.o
 .group         0x0000000000000000        0x8 ./src/LoadControlCalculatur.o
 .group         0x0000000000000000        0x8 ./src/LoadControlCalculatur.o
 .group         0x0000000000000000        0x8 ./src/LoadControlCalculatur.o
 .group         0x0000000000000000        0x8 ./src/LoadControlCalculatur.o
 .group         0x0000000000000000        0x8 ./src/LoadControlCalculatur.o
 .group         0x0000000000000000        0x8 ./src/LoadControlCalculatur.o
 .group         0x0000000000000000        0x8 ./src/LoadControlCalculatur.o
 .group         0x0000000000000000        0x8 ./src/LoadControlCalculatur.o
 .group         0x0000000000000000        0x8 ./src/LoadControlCalculatur.o
 .group         0x0000000000000000        0x8 ./src/LoadControlCalculatur.o
 .group         0x0000000000000000        0x8 ./src/LoadControlCalculatur.o
 .group         0x0000000000000000        0x8 ./src/LoadControlCalculatur.o
 .group         0x0000000000000000        0x8 ./src/LoadControlCalculatur.o
 .group         0x0000000000000000        0x8 ./src/LoadControlCalculatur.o
 .group         0x0000000000000000        0x8 ./src/LoadControlCalculatur.o
 .group         0x0000000000000000        0x8 ./src/LoadControlCalculatur.o
 .group         0x0000000000000000        0x8 ./src/LoadControlCalculatur.o
 .group         0x0000000000000000        0x8 ./src/LoadControlCalculatur.o
 .group         0x0000000000000000        0x8 ./src/LoadControlCalculatur.o
 .group         0x0000000000000000        0x8 ./src/LoadControlCalculatur.o
 .group         0x0000000000000000        0x8 ./src/LoadControlCalculatur.o
 .group         0x0000000000000000        0x8 ./src/LoadControlCalculatur.o
 .group         0x0000000000000000        0x8 ./src/LoadControlCalculatur.o
 .group         0x0000000000000000        0x8 ./src/LoadControlCalculatur.o
 .group         0x0000000000000000        0x8 ./src/LoadControlCalculatur.o
 .group         0x0000000000000000        0x8 ./src/LoadControlCalculatur.o
 .group         0x0000000000000000        0x8 ./src/LoadControlCalculatur.o
 .group         0x0000000000000000        0x8 ./src/LoadControlCalculatur.o
 .group         0x0000000000000000        0x8 ./src/LoadControlCalculatur.o
 .group         0x0000000000000000        0x8 ./src/LoadControlCalculatur.o
 .text          0x0000000000000000        0x0 ./src/LoadControlCalculatur.o
 .data          0x0000000000000000        0x0 ./src/LoadControlCalculatur.o
 .bss           0x0000000000000000        0x0 ./src/LoadControlCalculatur.o
 .rodata._ZStL19piecewise_construct
                0x0000000000000000        0x4 ./src/LoadControlCalculatur.o
 .ARM.extab.text._ZL18__gthread_active_pv
                0x0000000000000000        0x0 ./src/LoadControlCalculatur.o
 .ARM.extab.text._ZL15__gthread_equalmm
                0x0000000000000000        0x0 ./src/LoadControlCalculatur.o
 .ARM.extab.text._ZN9__gnu_cxxL18__exchange_and_addEPVii
                0x0000000000000000        0x0 ./src/LoadControlCalculatur.o
 .ARM.extab.text._ZN9__gnu_cxxL25__exchange_and_add_singleEPii
                0x0000000000000000        0x0 ./src/LoadControlCalculatur.o
 .ARM.extab.text._ZN9__gnu_cxxL27__exchange_and_add_dispatchEPii
                0x0000000000000000        0x0 ./src/LoadControlCalculatur.o
 .rodata._ZStL13allocator_arg
                0x0000000000000000        0x4 ./src/LoadControlCalculatur.o
 .rodata._ZStL6ignore
                0x0000000000000000        0x4 ./src/LoadControlCalculatur.o
 .rodata._ZN9__gnu_cxxL21__default_lock_policyE
                0x0000000000000000        0x4 ./src/LoadControlCalculatur.o
 .text._ZN21LoadControlCalculaturC2Ev
                0x0000000000000000       0x74 ./src/LoadControlCalculatur.o
 .ARM.extab.text._ZN21LoadControlCalculaturC2Ev
                0x0000000000000000       0x18 ./src/LoadControlCalculatur.o
 .ARM.exidx.text._ZN21LoadControlCalculaturC2Ev
                0x0000000000000000        0x8 ./src/LoadControlCalculatur.o
 .ARM.extab.text._ZN21LoadControlCalculaturD0Ev
                0x0000000000000000        0x0 ./src/LoadControlCalculatur.o
 .text._ZN21LoadControlCalculatur17doSwitch_L1_L2_L3Ev
                0x0000000000000000       0x74 ./src/LoadControlCalculatur.o
 .ARM.extab.text._ZN21LoadControlCalculatur17doSwitch_L1_L2_L3Ev
                0x0000000000000000        0xc ./src/LoadControlCalculatur.o
 .ARM.exidx.text._ZN21LoadControlCalculatur17doSwitch_L1_L2_L3Ev
                0x0000000000000000        0x8 ./src/LoadControlCalculatur.o
 .text._ZN21LoadControlCalculatur14doSwitch_L1_L2Ev
                0x0000000000000000       0x74 ./src/LoadControlCalculatur.o
 .ARM.extab.text._ZN21LoadControlCalculatur14doSwitch_L1_L2Ev
                0x0000000000000000        0xc ./src/LoadControlCalculatur.o
 .ARM.exidx.text._ZN21LoadControlCalculatur14doSwitch_L1_L2Ev
                0x0000000000000000        0x8 ./src/LoadControlCalculatur.o
 .debug_macro   0x0000000000000000      0x96a ./src/LoadControlCalculatur.o
 .debug_macro   0x0000000000000000       0x22 ./src/LoadControlCalculatur.o
 .debug_macro   0x0000000000000000       0x1c ./src/LoadControlCalculatur.o
 .debug_macro   0x0000000000000000      0x275 ./src/LoadControlCalculatur.o
 .debug_macro   0x0000000000000000      0x16f ./src/LoadControlCalculatur.o
 .debug_macro   0x0000000000000000       0x35 ./src/LoadControlCalculatur.o
 .debug_macro   0x0000000000000000       0x70 ./src/LoadControlCalculatur.o
 .debug_macro   0x0000000000000000       0x16 ./src/LoadControlCalculatur.o
 .debug_macro   0x0000000000000000      0x1cf ./src/LoadControlCalculatur.o
 .debug_macro   0x0000000000000000       0x16 ./src/LoadControlCalculatur.o
 .debug_macro   0x0000000000000000       0x3a ./src/LoadControlCalculatur.o
 .debug_macro   0x0000000000000000       0x4c ./src/LoadControlCalculatur.o
 .debug_macro   0x0000000000000000       0x1c ./src/LoadControlCalculatur.o
 .debug_macro   0x0000000000000000       0x28 ./src/LoadControlCalculatur.o
 .debug_macro   0x0000000000000000       0x5e ./src/LoadControlCalculatur.o
 .debug_macro   0x0000000000000000       0xd6 ./src/LoadControlCalculatur.o
 .debug_macro   0x0000000000000000       0x10 ./src/LoadControlCalculatur.o
 .debug_macro   0x0000000000000000       0x4c ./src/LoadControlCalculatur.o
 .debug_macro   0x0000000000000000       0x22 ./src/LoadControlCalculatur.o
 .debug_macro   0x0000000000000000       0x68 ./src/LoadControlCalculatur.o
 .debug_macro   0x0000000000000000       0x3a ./src/LoadControlCalculatur.o
 .debug_macro   0x0000000000000000       0x19 ./src/LoadControlCalculatur.o
 .debug_macro   0x0000000000000000       0x12 ./src/LoadControlCalculatur.o
 .debug_macro   0x0000000000000000       0x19 ./src/LoadControlCalculatur.o
 .debug_macro   0x0000000000000000       0x1c ./src/LoadControlCalculatur.o
 .debug_macro   0x0000000000000000       0x10 ./src/LoadControlCalculatur.o
 .debug_macro   0x0000000000000000       0x16 ./src/LoadControlCalculatur.o
 .debug_macro   0x0000000000000000       0x28 ./src/LoadControlCalculatur.o
 .debug_macro   0x0000000000000000       0x10 ./src/LoadControlCalculatur.o
 .debug_macro   0x0000000000000000       0x46 ./src/LoadControlCalculatur.o
 .debug_macro   0x0000000000000000       0x1c ./src/LoadControlCalculatur.o
 .debug_macro   0x0000000000000000       0x20 ./src/LoadControlCalculatur.o
 .debug_macro   0x0000000000000000       0x59 ./src/LoadControlCalculatur.o
 .debug_macro   0x0000000000000000       0x10 ./src/LoadControlCalculatur.o
 .debug_macro   0x0000000000000000       0x10 ./src/LoadControlCalculatur.o
 .debug_macro   0x0000000000000000       0x16 ./src/LoadControlCalculatur.o
 .debug_macro   0x0000000000000000       0x20 ./src/LoadControlCalculatur.o
 .debug_macro   0x0000000000000000       0x2e ./src/LoadControlCalculatur.o
 .debug_macro   0x0000000000000000       0x16 ./src/LoadControlCalculatur.o
 .debug_macro   0x0000000000000000       0x1e ./src/LoadControlCalculatur.o
 .debug_macro   0x0000000000000000       0x28 ./src/LoadControlCalculatur.o
 .debug_macro   0x0000000000000000       0x58 ./src/LoadControlCalculatur.o
 .debug_macro   0x0000000000000000       0x10 ./src/LoadControlCalculatur.o
 .debug_macro   0x0000000000000000      0x1c2 ./src/LoadControlCalculatur.o
 .debug_macro   0x0000000000000000       0x2e ./src/LoadControlCalculatur.o
 .debug_macro   0x0000000000000000       0x27 ./src/LoadControlCalculatur.o
 .debug_macro   0x0000000000000000       0x1c ./src/LoadControlCalculatur.o
 .debug_macro   0x0000000000000000       0x10 ./src/LoadControlCalculatur.o
 .debug_macro   0x0000000000000000      0x2d8 ./src/LoadControlCalculatur.o
 .debug_macro   0x0000000000000000       0x22 ./src/LoadControlCalculatur.o
 .debug_macro   0x0000000000000000       0xe6 ./src/LoadControlCalculatur.o
 .debug_macro   0x0000000000000000      0x107 ./src/LoadControlCalculatur.o
 .debug_macro   0x0000000000000000       0x10 ./src/LoadControlCalculatur.o
 .debug_macro   0x0000000000000000       0x3a ./src/LoadControlCalculatur.o
 .debug_macro   0x0000000000000000      0x100 ./src/LoadControlCalculatur.o
 .debug_macro   0x0000000000000000      0x136 ./src/LoadControlCalculatur.o
 .debug_macro   0x0000000000000000       0x16 ./src/LoadControlCalculatur.o
 .debug_macro   0x0000000000000000       0x10 ./src/LoadControlCalculatur.o
 .debug_macro   0x0000000000000000      0x56e ./src/LoadControlCalculatur.o
 .debug_macro   0x0000000000000000       0x1c ./src/LoadControlCalculatur.o
 .debug_macro   0x0000000000000000       0x18 ./src/LoadControlCalculatur.o
 .debug_macro   0x0000000000000000       0x6e ./src/LoadControlCalculatur.o
 .debug_macro   0x0000000000000000       0x28 ./src/LoadControlCalculatur.o
 .debug_macro   0x0000000000000000       0x12 ./src/LoadControlCalculatur.o
 .debug_macro   0x0000000000000000       0x82 ./src/LoadControlCalculatur.o
 .debug_macro   0x0000000000000000       0x12 ./src/LoadControlCalculatur.o
 .debug_macro   0x0000000000000000       0x12 ./src/LoadControlCalculatur.o
 .debug_macro   0x0000000000000000       0x46 ./src/LoadControlCalculatur.o
 .debug_macro   0x0000000000000000       0x17 ./src/LoadControlCalculatur.o
 .debug_macro   0x0000000000000000      0x120 ./src/LoadControlCalculatur.o
 .debug_macro   0x0000000000000000       0x16 ./src/LoadControlCalculatur.o
 .debug_macro   0x0000000000000000       0x58 ./src/LoadControlCalculatur.o
 .debug_macro   0x0000000000000000       0xfa ./src/LoadControlCalculatur.o
 .debug_macro   0x0000000000000000       0x30 ./src/LoadControlCalculatur.o
 .debug_macro   0x0000000000000000       0x40 ./src/LoadControlCalculatur.o
 .debug_macro   0x0000000000000000       0x1c ./src/LoadControlCalculatur.o
 .debug_macro   0x0000000000000000       0x22 ./src/LoadControlCalculatur.o
 .debug_macro   0x0000000000000000       0x2a ./src/LoadControlCalculatur.o
 .debug_macro   0x0000000000000000      0x173 ./src/LoadControlCalculatur.o
 .debug_macro   0x0000000000000000       0x12 ./src/LoadControlCalculatur.o
 .debug_macro   0x0000000000000000       0x10 ./src/LoadControlCalculatur.o
 .debug_macro   0x0000000000000000       0x19 ./src/LoadControlCalculatur.o
 .debug_macro   0x0000000000000000       0x58 ./src/LoadControlCalculatur.o
 .debug_macro   0x0000000000000000       0xb4 ./src/LoadControlCalculatur.o
 .debug_macro   0x0000000000000000       0x16 ./src/LoadControlCalculatur.o
 .debug_macro   0x0000000000000000       0x10 ./src/LoadControlCalculatur.o
 .debug_macro   0x0000000000000000       0x37 ./src/LoadControlCalculatur.o
 .debug_macro   0x0000000000000000       0x5e ./src/LoadControlCalculatur.o
 .debug_macro   0x0000000000000000       0x11 ./src/LoadControlCalculatur.o
 .debug_macro   0x0000000000000000       0x16 ./src/LoadControlCalculatur.o
 .debug_macro   0x0000000000000000       0x10 ./src/LoadControlCalculatur.o
 .debug_macro   0x0000000000000000       0x10 ./src/LoadControlCalculatur.o
 .debug_macro   0x0000000000000000      0x122 ./src/LoadControlCalculatur.o
 .debug_macro   0x0000000000000000       0x8e ./src/LoadControlCalculatur.o
 .debug_macro   0x0000000000000000       0xbb ./src/LoadControlCalculatur.o
 .debug_macro   0x0000000000000000       0x4d ./src/LoadControlCalculatur.o
 .debug_macro   0x0000000000000000       0x10 ./src/LoadControlCalculatur.o
 .debug_macro   0x0000000000000000      0x123 ./src/LoadControlCalculatur.o
 .debug_macro   0x0000000000000000       0x16 ./src/LoadControlCalculatur.o
 .debug_macro   0x0000000000000000       0xd6 ./src/LoadControlCalculatur.o
 .debug_macro   0x0000000000000000      0x256 ./src/LoadControlCalculatur.o
 .debug_macro   0x0000000000000000       0x10 ./src/LoadControlCalculatur.o
 .debug_macro   0x0000000000000000       0x16 ./src/LoadControlCalculatur.o
 .debug_macro   0x0000000000000000       0x20 ./src/LoadControlCalculatur.o
 .debug_macro   0x0000000000000000       0x1d ./src/LoadControlCalculatur.o
 .debug_macro   0x0000000000000000       0x10 ./src/LoadControlCalculatur.o
 .debug_macro   0x0000000000000000       0x3a ./src/LoadControlCalculatur.o
 .debug_macro   0x0000000000000000      0x241 ./src/LoadControlCalculatur.o
 .debug_macro   0x0000000000000000       0x16 ./src/LoadControlCalculatur.o
 .debug_macro   0x0000000000000000       0xdd ./src/LoadControlCalculatur.o
 .debug_macro   0x0000000000000000       0x34 ./src/LoadControlCalculatur.o
 .debug_macro   0x0000000000000000      0x15a ./src/LoadControlCalculatur.o
 .debug_macro   0x0000000000000000       0x22 ./src/LoadControlCalculatur.o
 .debug_macro   0x0000000000000000       0x16 ./src/LoadControlCalculatur.o
 .debug_macro   0x0000000000000000       0x18 ./src/LoadControlCalculatur.o
 .debug_macro   0x0000000000000000       0x6a ./src/LoadControlCalculatur.o
 .debug_macro   0x0000000000000000      0x190 ./src/LoadControlCalculatur.o
 .debug_macro   0x0000000000000000       0x52 ./src/LoadControlCalculatur.o
 .debug_macro   0x0000000000000000       0x27 ./src/LoadControlCalculatur.o
 .debug_macro   0x0000000000000000       0x35 ./src/LoadControlCalculatur.o
 .debug_macro   0x0000000000000000      0x824 ./src/LoadControlCalculatur.o
 .debug_macro   0x0000000000000000      0x34a ./src/LoadControlCalculatur.o
 .debug_macro   0x0000000000000000      0x1ba ./src/LoadControlCalculatur.o
 .debug_macro   0x0000000000000000       0x5f ./src/LoadControlCalculatur.o
 .debug_macro   0x0000000000000000       0x34 ./src/LoadControlCalculatur.o
 .note.GNU-stack
                0x0000000000000000        0x0 ./src/LoadControlCalculatur.o
 .group         0x0000000000000000       0x10 ./src/TCPDataClient.o
 .group         0x0000000000000000       0x10 ./src/TCPDataClient.o
 .group         0x0000000000000000       0x10 ./src/TCPDataClient.o
 .group         0x0000000000000000       0x10 ./src/TCPDataClient.o
 .group         0x0000000000000000       0x10 ./src/TCPDataClient.o
 .group         0x0000000000000000       0x10 ./src/TCPDataClient.o
 .group         0x0000000000000000       0x10 ./src/TCPDataClient.o
 .group         0x0000000000000000       0x10 ./src/TCPDataClient.o
 .group         0x0000000000000000       0x10 ./src/TCPDataClient.o
 .group         0x0000000000000000       0x10 ./src/TCPDataClient.o
 .group         0x0000000000000000       0x10 ./src/TCPDataClient.o
 .group         0x0000000000000000       0x10 ./src/TCPDataClient.o
 .group         0x0000000000000000       0x10 ./src/TCPDataClient.o
 .group         0x0000000000000000       0x10 ./src/TCPDataClient.o
 .group         0x0000000000000000       0x10 ./src/TCPDataClient.o
 .group         0x0000000000000000       0x1c ./src/TCPDataClient.o
 .group         0x0000000000000000       0x10 ./src/TCPDataClient.o
 .group         0x0000000000000000       0x10 ./src/TCPDataClient.o
 .group         0x0000000000000000       0x10 ./src/TCPDataClient.o
 .group         0x0000000000000000       0x10 ./src/TCPDataClient.o
 .group         0x0000000000000000       0x10 ./src/TCPDataClient.o
 .group         0x0000000000000000       0x10 ./src/TCPDataClient.o
 .group         0x0000000000000000       0x10 ./src/TCPDataClient.o
 .group         0x0000000000000000       0x10 ./src/TCPDataClient.o
 .group         0x0000000000000000       0x10 ./src/TCPDataClient.o
 .group         0x0000000000000000       0x10 ./src/TCPDataClient.o
 .group         0x0000000000000000       0x10 ./src/TCPDataClient.o
 .group         0x0000000000000000       0x10 ./src/TCPDataClient.o
 .group         0x0000000000000000       0x10 ./src/TCPDataClient.o
 .group         0x0000000000000000       0x10 ./src/TCPDataClient.o
 .group         0x0000000000000000       0x10 ./src/TCPDataClient.o
 .group         0x0000000000000000       0x10 ./src/TCPDataClient.o
 .group         0x0000000000000000       0x10 ./src/TCPDataClient.o
 .group         0x0000000000000000       0x10 ./src/TCPDataClient.o
 .group         0x0000000000000000       0x10 ./src/TCPDataClient.o
 .group         0x0000000000000000       0x10 ./src/TCPDataClient.o
 .group         0x0000000000000000       0x10 ./src/TCPDataClient.o
 .group         0x0000000000000000       0x10 ./src/TCPDataClient.o
 .group         0x0000000000000000       0x10 ./src/TCPDataClient.o
 .group         0x0000000000000000       0x10 ./src/TCPDataClient.o
 .group         0x0000000000000000       0x10 ./src/TCPDataClient.o
 .group         0x0000000000000000       0x10 ./src/TCPDataClient.o
 .group         0x0000000000000000       0x10 ./src/TCPDataClient.o
 .group         0x0000000000000000       0x10 ./src/TCPDataClient.o
 .group         0x0000000000000000       0x10 ./src/TCPDataClient.o
 .group         0x0000000000000000       0x10 ./src/TCPDataClient.o
 .group         0x0000000000000000       0x10 ./src/TCPDataClient.o
 .group         0x0000000000000000       0x10 ./src/TCPDataClient.o
 .group         0x0000000000000000       0x10 ./src/TCPDataClient.o
 .group         0x0000000000000000       0x10 ./src/TCPDataClient.o
 .group         0x0000000000000000       0x10 ./src/TCPDataClient.o
 .group         0x0000000000000000       0x10 ./src/TCPDataClient.o
 .group         0x0000000000000000       0x10 ./src/TCPDataClient.o
 .group         0x0000000000000000       0x10 ./src/TCPDataClient.o
 .group         0x0000000000000000       0x10 ./src/TCPDataClient.o
 .group         0x0000000000000000       0x10 ./src/TCPDataClient.o
 .group         0x0000000000000000       0x10 ./src/TCPDataClient.o
 .group         0x0000000000000000       0x10 ./src/TCPDataClient.o
 .group         0x0000000000000000       0x10 ./src/TCPDataClient.o
 .group         0x0000000000000000       0x10 ./src/TCPDataClient.o
 .group         0x0000000000000000       0x10 ./src/TCPDataClient.o
 .group         0x0000000000000000       0x10 ./src/TCPDataClient.o
 .group         0x0000000000000000       0x10 ./src/TCPDataClient.o
 .group         0x0000000000000000       0x10 ./src/TCPDataClient.o
 .group         0x0000000000000000       0x10 ./src/TCPDataClient.o
 .group         0x0000000000000000       0x10 ./src/TCPDataClient.o
 .group         0x0000000000000000       0x10 ./src/TCPDataClient.o
 .group         0x0000000000000000       0x10 ./src/TCPDataClient.o
 .group         0x0000000000000000       0x10 ./src/TCPDataClient.o
 .group         0x0000000000000000       0x10 ./src/TCPDataClient.o
 .group         0x0000000000000000       0x1c ./src/TCPDataClient.o
 .group         0x0000000000000000       0x10 ./src/TCPDataClient.o
 .group         0x0000000000000000       0x10 ./src/TCPDataClient.o
 .group         0x0000000000000000       0x10 ./src/TCPDataClient.o
 .group         0x0000000000000000       0x10 ./src/TCPDataClient.o
 .group         0x0000000000000000       0x10 ./src/TCPDataClient.o
 .group         0x0000000000000000       0x10 ./src/TCPDataClient.o
 .group         0x0000000000000000       0x10 ./src/TCPDataClient.o
 .group         0x0000000000000000       0x10 ./src/TCPDataClient.o
 .group         0x0000000000000000       0x10 ./src/TCPDataClient.o
 .group         0x0000000000000000       0x10 ./src/TCPDataClient.o
 .group         0x0000000000000000       0x10 ./src/TCPDataClient.o
 .group         0x0000000000000000       0x10 ./src/TCPDataClient.o
 .group         0x0000000000000000       0x10 ./src/TCPDataClient.o
 .group         0x0000000000000000       0x10 ./src/TCPDataClient.o
 .group         0x0000000000000000       0x10 ./src/TCPDataClient.o
 .group         0x0000000000000000       0x10 ./src/TCPDataClient.o
 .group         0x0000000000000000       0x10 ./src/TCPDataClient.o
 .group         0x0000000000000000       0x10 ./src/TCPDataClient.o
 .group         0x0000000000000000       0x10 ./src/TCPDataClient.o
 .group         0x0000000000000000       0x10 ./src/TCPDataClient.o
 .group         0x0000000000000000       0x10 ./src/TCPDataClient.o
 .group         0x0000000000000000       0x10 ./src/TCPDataClient.o
 .group         0x0000000000000000       0x10 ./src/TCPDataClient.o
 .group         0x0000000000000000       0x10 ./src/TCPDataClient.o
 .group         0x0000000000000000       0x10 ./src/TCPDataClient.o
 .group         0x0000000000000000       0x10 ./src/TCPDataClient.o
 .group         0x0000000000000000       0x10 ./src/TCPDataClient.o
 .group         0x0000000000000000       0x10 ./src/TCPDataClient.o
 .group         0x0000000000000000       0x10 ./src/TCPDataClient.o
 .group         0x0000000000000000       0x10 ./src/TCPDataClient.o
 .group         0x0000000000000000       0x10 ./src/TCPDataClient.o
 .group         0x0000000000000000       0x10 ./src/TCPDataClient.o
 .group         0x0000000000000000       0x10 ./src/TCPDataClient.o
 .group         0x0000000000000000       0x10 ./src/TCPDataClient.o
 .group         0x0000000000000000       0x10 ./src/TCPDataClient.o
 .group         0x0000000000000000       0x10 ./src/TCPDataClient.o
 .group         0x0000000000000000       0x10 ./src/TCPDataClient.o
 .group         0x0000000000000000       0x10 ./src/TCPDataClient.o
 .group         0x0000000000000000       0x10 ./src/TCPDataClient.o
 .group         0x0000000000000000       0x10 ./src/TCPDataClient.o
 .group         0x0000000000000000       0x10 ./src/TCPDataClient.o
 .group         0x0000000000000000       0x10 ./src/TCPDataClient.o
 .group         0x0000000000000000       0x10 ./src/TCPDataClient.o
 .group         0x0000000000000000       0x10 ./src/TCPDataClient.o
 .group         0x0000000000000000       0x10 ./src/TCPDataClient.o
 .group         0x0000000000000000       0x10 ./src/TCPDataClient.o
 .group         0x0000000000000000       0x10 ./src/TCPDataClient.o
 .group         0x0000000000000000       0x10 ./src/TCPDataClient.o
 .group         0x0000000000000000       0x10 ./src/TCPDataClient.o
 .group         0x0000000000000000       0x10 ./src/TCPDataClient.o
 .group         0x0000000000000000        0x8 ./src/TCPDataClient.o
 .group         0x0000000000000000        0x8 ./src/TCPDataClient.o
 .group         0x0000000000000000       0x1c ./src/TCPDataClient.o
 .group         0x0000000000000000        0x8 ./src/TCPDataClient.o
 .group         0x0000000000000000        0x8 ./src/TCPDataClient.o
 .group         0x0000000000000000        0x8 ./src/TCPDataClient.o
 .group         0x0000000000000000        0x8 ./src/TCPDataClient.o
 .group         0x0000000000000000        0x8 ./src/TCPDataClient.o
 .group         0x0000000000000000        0x8 ./src/TCPDataClient.o
 .group         0x0000000000000000        0x8 ./src/TCPDataClient.o
 .group         0x0000000000000000        0x8 ./src/TCPDataClient.o
 .group         0x0000000000000000        0x8 ./src/TCPDataClient.o
 .group         0x0000000000000000        0x8 ./src/TCPDataClient.o
 .group         0x0000000000000000        0x8 ./src/TCPDataClient.o
 .group         0x0000000000000000        0x8 ./src/TCPDataClient.o
 .group         0x0000000000000000       0x1c ./src/TCPDataClient.o
 .group         0x0000000000000000       0x10 ./src/TCPDataClient.o
 .group         0x0000000000000000       0x10 ./src/TCPDataClient.o
 .group         0x0000000000000000       0x10 ./src/TCPDataClient.o
 .group         0x0000000000000000       0x10 ./src/TCPDataClient.o
 .group         0x0000000000000000       0x10 ./src/TCPDataClient.o
 .group         0x0000000000000000       0x10 ./src/TCPDataClient.o
 .group         0x0000000000000000       0x10 ./src/TCPDataClient.o
 .group         0x0000000000000000       0x10 ./src/TCPDataClient.o
 .group         0x0000000000000000       0x10 ./src/TCPDataClient.o
 .group         0x0000000000000000       0x10 ./src/TCPDataClient.o
 .group         0x0000000000000000       0x10 ./src/TCPDataClient.o
 .group         0x0000000000000000       0x10 ./src/TCPDataClient.o
 .group         0x0000000000000000       0x10 ./src/TCPDataClient.o
 .group         0x0000000000000000       0x10 ./src/TCPDataClient.o
 .group         0x0000000000000000       0x10 ./src/TCPDataClient.o
 .group         0x0000000000000000        0x8 ./src/TCPDataClient.o
 .group         0x0000000000000000        0x8 ./src/TCPDataClient.o
 .group         0x0000000000000000        0x8 ./src/TCPDataClient.o
 .group         0x0000000000000000        0x8 ./src/TCPDataClient.o
 .group         0x0000000000000000        0x8 ./src/TCPDataClient.o
 .group         0x0000000000000000        0x8 ./src/TCPDataClient.o
 .group         0x0000000000000000        0x8 ./src/TCPDataClient.o
 .group         0x0000000000000000        0x8 ./src/TCPDataClient.o
 .group         0x0000000000000000        0x8 ./src/TCPDataClient.o
 .group         0x0000000000000000        0x8 ./src/TCPDataClient.o
 .group         0x0000000000000000        0x8 ./src/TCPDataClient.o
 .group         0x0000000000000000        0x8 ./src/TCPDataClient.o
 .group         0x0000000000000000        0x8 ./src/TCPDataClient.o
 .group         0x0000000000000000        0x8 ./src/TCPDataClient.o
 .group         0x0000000000000000        0x8 ./src/TCPDataClient.o
 .group         0x0000000000000000        0x8 ./src/TCPDataClient.o
 .group         0x0000000000000000        0x8 ./src/TCPDataClient.o
 .group         0x0000000000000000        0x8 ./src/TCPDataClient.o
 .group         0x0000000000000000        0x8 ./src/TCPDataClient.o
 .group         0x0000000000000000        0x8 ./src/TCPDataClient.o
 .group         0x0000000000000000        0x8 ./src/TCPDataClient.o
 .group         0x0000000000000000        0x8 ./src/TCPDataClient.o
 .group         0x0000000000000000        0x8 ./src/TCPDataClient.o
 .group         0x0000000000000000        0x8 ./src/TCPDataClient.o
 .group         0x0000000000000000        0x8 ./src/TCPDataClient.o
 .group         0x0000000000000000        0x8 ./src/TCPDataClient.o
 .group         0x0000000000000000        0x8 ./src/TCPDataClient.o
 .group         0x0000000000000000        0x8 ./src/TCPDataClient.o
 .group         0x0000000000000000        0x8 ./src/TCPDataClient.o
 .group         0x0000000000000000        0x8 ./src/TCPDataClient.o
 .group         0x0000000000000000        0x8 ./src/TCPDataClient.o
 .group         0x0000000000000000        0x8 ./src/TCPDataClient.o
 .group         0x0000000000000000        0x8 ./src/TCPDataClient.o
 .group         0x0000000000000000        0x8 ./src/TCPDataClient.o
 .group         0x0000000000000000        0x8 ./src/TCPDataClient.o
 .group         0x0000000000000000        0x8 ./src/TCPDataClient.o
 .group         0x0000000000000000        0x8 ./src/TCPDataClient.o
 .group         0x0000000000000000        0x8 ./src/TCPDataClient.o
 .group         0x0000000000000000        0x8 ./src/TCPDataClient.o
 .group         0x0000000000000000        0x8 ./src/TCPDataClient.o
 .group         0x0000000000000000        0x8 ./src/TCPDataClient.o
 .group         0x0000000000000000        0x8 ./src/TCPDataClient.o
 .group         0x0000000000000000        0x8 ./src/TCPDataClient.o
 .group         0x0000000000000000        0x8 ./src/TCPDataClient.o
 .group         0x0000000000000000        0x8 ./src/TCPDataClient.o
 .group         0x0000000000000000        0x8 ./src/TCPDataClient.o
 .group         0x0000000000000000        0x8 ./src/TCPDataClient.o
 .group         0x0000000000000000        0x8 ./src/TCPDataClient.o
 .group         0x0000000000000000        0x8 ./src/TCPDataClient.o
 .group         0x0000000000000000        0x8 ./src/TCPDataClient.o
 .group         0x0000000000000000        0x8 ./src/TCPDataClient.o
 .group         0x0000000000000000        0x8 ./src/TCPDataClient.o
 .group         0x0000000000000000        0x8 ./src/TCPDataClient.o
 .group         0x0000000000000000        0x8 ./src/TCPDataClient.o
 .group         0x0000000000000000        0x8 ./src/TCPDataClient.o
 .group         0x0000000000000000        0x8 ./src/TCPDataClient.o
 .group         0x0000000000000000        0x8 ./src/TCPDataClient.o
 .group         0x0000000000000000        0x8 ./src/TCPDataClient.o
 .group         0x0000000000000000        0x8 ./src/TCPDataClient.o
 .group         0x0000000000000000        0x8 ./src/TCPDataClient.o
 .group         0x0000000000000000        0x8 ./src/TCPDataClient.o
 .group         0x0000000000000000        0x8 ./src/TCPDataClient.o
 .group         0x0000000000000000        0x8 ./src/TCPDataClient.o
 .group         0x0000000000000000        0x8 ./src/TCPDataClient.o
 .group         0x0000000000000000        0x8 ./src/TCPDataClient.o
 .group         0x0000000000000000        0x8 ./src/TCPDataClient.o
 .group         0x0000000000000000        0x8 ./src/TCPDataClient.o
 .group         0x0000000000000000        0x8 ./src/TCPDataClient.o
 .group         0x0000000000000000        0x8 ./src/TCPDataClient.o
 .group         0x0000000000000000        0x8 ./src/TCPDataClient.o
 .group         0x0000000000000000        0x8 ./src/TCPDataClient.o
 .group         0x0000000000000000        0x8 ./src/TCPDataClient.o
 .group         0x0000000000000000        0x8 ./src/TCPDataClient.o
 .group         0x0000000000000000        0x8 ./src/TCPDataClient.o
 .group         0x0000000000000000        0x8 ./src/TCPDataClient.o
 .group         0x0000000000000000        0x8 ./src/TCPDataClient.o
 .group         0x0000000000000000        0x8 ./src/TCPDataClient.o
 .group         0x0000000000000000        0x8 ./src/TCPDataClient.o
 .group         0x0000000000000000        0x8 ./src/TCPDataClient.o
 .group         0x0000000000000000        0x8 ./src/TCPDataClient.o
 .group         0x0000000000000000        0x8 ./src/TCPDataClient.o
 .group         0x0000000000000000        0x8 ./src/TCPDataClient.o
 .group         0x0000000000000000        0x8 ./src/TCPDataClient.o
 .group         0x0000000000000000        0x8 ./src/TCPDataClient.o
 .group         0x0000000000000000        0x8 ./src/TCPDataClient.o
 .group         0x0000000000000000        0x8 ./src/TCPDataClient.o
 .group         0x0000000000000000        0x8 ./src/TCPDataClient.o
 .group         0x0000000000000000        0x8 ./src/TCPDataClient.o
 .group         0x0000000000000000        0x8 ./src/TCPDataClient.o
 .group         0x0000000000000000        0x8 ./src/TCPDataClient.o
 .group         0x0000000000000000        0x8 ./src/TCPDataClient.o
 .group         0x0000000000000000        0x8 ./src/TCPDataClient.o
 .group         0x0000000000000000        0x8 ./src/TCPDataClient.o
 .group         0x0000000000000000        0x8 ./src/TCPDataClient.o
 .group         0x0000000000000000        0x8 ./src/TCPDataClient.o
 .group         0x0000000000000000        0x8 ./src/TCPDataClient.o
 .group         0x0000000000000000        0x8 ./src/TCPDataClient.o
 .group         0x0000000000000000        0x8 ./src/TCPDataClient.o
 .group         0x0000000000000000        0x8 ./src/TCPDataClient.o
 .group         0x0000000000000000        0x8 ./src/TCPDataClient.o
 .group         0x0000000000000000        0x8 ./src/TCPDataClient.o
 .group         0x0000000000000000        0x8 ./src/TCPDataClient.o
 .group         0x0000000000000000        0x8 ./src/TCPDataClient.o
 .group         0x0000000000000000        0x8 ./src/TCPDataClient.o
 .group         0x0000000000000000        0x8 ./src/TCPDataClient.o
 .group         0x0000000000000000        0x8 ./src/TCPDataClient.o
 .group         0x0000000000000000        0x8 ./src/TCPDataClient.o
 .group         0x0000000000000000        0x8 ./src/TCPDataClient.o
 .group         0x0000000000000000        0x8 ./src/TCPDataClient.o
 .group         0x0000000000000000        0x8 ./src/TCPDataClient.o
 .group         0x0000000000000000        0x8 ./src/TCPDataClient.o
 .group         0x0000000000000000        0x8 ./src/TCPDataClient.o
 .group         0x0000000000000000        0x8 ./src/TCPDataClient.o
 .group         0x0000000000000000        0x8 ./src/TCPDataClient.o
 .group         0x0000000000000000        0x8 ./src/TCPDataClient.o
 .group         0x0000000000000000        0x8 ./src/TCPDataClient.o
 .group         0x0000000000000000        0x8 ./src/TCPDataClient.o
 .group         0x0000000000000000        0x8 ./src/TCPDataClient.o
 .group         0x0000000000000000        0x8 ./src/TCPDataClient.o
 .group         0x0000000000000000        0x8 ./src/TCPDataClient.o
 .group         0x0000000000000000        0x8 ./src/TCPDataClient.o
 .group         0x0000000000000000        0x8 ./src/TCPDataClient.o
 .group         0x0000000000000000        0x8 ./src/TCPDataClient.o
 .group         0x0000000000000000        0x8 ./src/TCPDataClient.o
 .group         0x0000000000000000        0x8 ./src/TCPDataClient.o
 .group         0x0000000000000000        0x8 ./src/TCPDataClient.o
 .group         0x0000000000000000        0x8 ./src/TCPDataClient.o
 .group         0x0000000000000000        0x8 ./src/TCPDataClient.o
 .group         0x0000000000000000        0x8 ./src/TCPDataClient.o
 .group         0x0000000000000000        0x8 ./src/TCPDataClient.o
 .group         0x0000000000000000        0x8 ./src/TCPDataClient.o
 .group         0x0000000000000000        0x8 ./src/TCPDataClient.o
 .group         0x0000000000000000        0x8 ./src/TCPDataClient.o
 .group         0x0000000000000000        0x8 ./src/TCPDataClient.o
 .group         0x0000000000000000        0x8 ./src/TCPDataClient.o
 .text          0x0000000000000000        0x0 ./src/TCPDataClient.o
 .data          0x0000000000000000        0x0 ./src/TCPDataClient.o
 .bss           0x0000000000000000        0x0 ./src/TCPDataClient.o
 .rodata._ZStL19piecewise_construct
                0x0000000000000000        0x4 ./src/TCPDataClient.o
 .text._ZnwjPv  0x0000000000000000       0x18 ./src/TCPDataClient.o
 .ARM.extab.text._ZnwjPv
                0x0000000000000000        0x0 ./src/TCPDataClient.o
 .ARM.exidx.text._ZnwjPv
                0x0000000000000000        0x8 ./src/TCPDataClient.o
 .text._ZdlPvS_
[...]

.debug_aranges  0x0000000000000000      0xe30
 *(.debug_aranges)
 .debug_aranges
                0x0000000000000000       0x38 /home/rako/Data/SourceCode/CrossCompiler_Utils/gcc-linaro-5.4.1-2017.01-x86_64_arm-linux/Compiler/gcc-linaro-5.4.1-2017.01-x86_64_arm-linux-gnueabihf/bin/../arm-linux-gnueabihf/libc/usr/lib/crt1.o
 .debug_aranges
                0x0000000000000038       0x30 /home/rako/Data/SourceCode/CrossCompiler_Utils/gcc-linaro-5.4.1-2017.01-x86_64_arm-linux/Compiler/gcc-linaro-5.4.1-2017.01-x86_64_arm-linux-gnueabihf/bin/../arm-linux-gnueabihf/libc/usr/lib/crti.o
 .debug_aranges
                0x0000000000000068       0x68 ./src/CSock.o
 .debug_aranges
                0x00000000000000d0       0x80 ./src/C_GPIO.o
 .debug_aranges
                0x0000000000000150      0x6e0 ./src/LoadControlCalculatur.o
 .debug_aranges
                0x0000000000000830      0x4e8 ./src/TCPDataClient.o
 .debug_aranges
                0x0000000000000d18       0xd0 ./src/main.o
 .debug_aranges
                0x0000000000000de8       0x20 /home/rako/Data/SourceCode/CrossCompiler_Utils/gcc-linaro-5.4.1-2017.01-x86_64_arm-linux/Compiler/gcc-linaro-5.4.1-2017.01-x86_64_arm-linux-gnueabihf/bin/../arm-linux-gnueabihf/libc/usr/lib/libc_nonshared.a(elf-init.oS)
 .debug_aranges
                0x0000000000000e08       0x28 /home/rako/Data/SourceCode/CrossCompiler_Utils/gcc-linaro-5.4.1-2017.01-x86_64_arm-linux/Compiler/gcc-linaro-5.4.1-2017.01-x86_64_arm-linux-gnueabihf/bin/../arm-linux-gnueabihf/libc/usr/lib/crtn.o

.debug_pubnames
 *(.debug_pubnames)

.debug_info     0x0000000000000000    0x246c1
 *(.debug_info .gnu.linkonce.wi.*)
 .debug_info    0x0000000000000000      0x164 /home/rako/Data/SourceCode/CrossCompiler_Utils/gcc-linaro-5.4.1-2017.01-x86_64_arm-linux/Compiler/gcc-linaro-5.4.1-2017.01-x86_64_arm-linux-gnueabihf/bin/../arm-linux-gnueabihf/libc/usr/lib/crt1.o
 .debug_info    0x0000000000000164       0xd7 /home/rako/Data/SourceCode/CrossCompiler_Utils/gcc-linaro-5.4.1-2017.01-x86_64_arm-linux/Compiler/gcc-linaro-5.4.1-2017.01-x86_64_arm-linux-gnueabihf/bin/../arm-linux-gnueabihf/libc/usr/lib/crti.o
 .debug_info    0x000000000000023b     0x5e40 ./src/CSock.o
 .debug_info    0x000000000000607b      0xb69 ./src/C_GPIO.o
 .debug_info    0x0000000000006be4     0xbf67 ./src/LoadControlCalculatur.o
 .debug_info    0x0000000000012b4b     0xbb22 ./src/TCPDataClient.o
 .debug_info    0x000000000001e66d     0x5e48 ./src/main.o
 .debug_info    0x00000000000244b5      0x135 /home/rako/Data/SourceCode/CrossCompiler_Utils/gcc-linaro-5.4.1-2017.01-x86_64_arm-linux/Compiler/gcc-linaro-5.4.1-2017.01-x86_64_arm-linux-gnueabihf/bin/../arm-linux-gnueabihf/libc/usr/lib/libc_nonshared.a(elf-init.oS)
 .debug_info    0x00000000000245ea       0xd7 /home/rako/Data/SourceCode/CrossCompiler_Utils/gcc-linaro-5.4.1-2017.01-x86_64_arm-linux/Compiler/gcc-linaro-5.4.1-2017.01-x86_64_arm-linux-gnueabihf/bin/../arm-linux-gnueabihf/libc/usr/lib/crtn.o

.debug_abbrev   0x0000000000000000     0x2eb8
 *(.debug_abbrev)
 .debug_abbrev  0x0000000000000000       0x52 /home/rako/Data/SourceCode/CrossCompiler_Utils/gcc-linaro-5.4.1-2017.01-x86_64_arm-linux/Compiler/gcc-linaro-5.4.1-2017.01-x86_64_arm-linux-gnueabihf/bin/../arm-linux-gnueabihf/libc/usr/lib/crt1.o
 .debug_abbrev  0x0000000000000052       0x12 /home/rako/Data/SourceCode/CrossCompiler_Utils/gcc-linaro-5.4.1-2017.01-x86_64_arm-linux/Compiler/gcc-linaro-5.4.1-2017.01-x86_64_arm-linux-gnueabihf/bin/../arm-linux-gnueabihf/libc/usr/lib/crti.o
 .debug_abbrev  0x0000000000000064      0x856 ./src/CSock.o
 .debug_abbrev  0x00000000000008ba      0x2ca ./src/C_GPIO.o
 .debug_abbrev  0x0000000000000b84      0xcf1 ./src/LoadControlCalculatur.o
 .debug_abbrev  0x0000000000001875      0xcf5 ./src/TCPDataClient.o
 .debug_abbrev  0x000000000000256a      0x82f ./src/main.o
 .debug_abbrev  0x0000000000002d99      0x10d /home/rako/Data/SourceCode/CrossCompiler_Utils/gcc-linaro-5.4.1-2017.01-x86_64_arm-linux/Compiler/gcc-linaro-5.4.1-2017.01-x86_64_arm-linux-gnueabihf/bin/../arm-linux-gnueabihf/libc/usr/lib/libc_nonshared.a(elf-init.oS)
 .debug_abbrev  0x0000000000002ea6       0x12 /home/rako/Data/SourceCode/CrossCompiler_Utils/gcc-linaro-5.4.1-2017.01-x86_64_arm-linux/Compiler/gcc-linaro-5.4.1-2017.01-x86_64_arm-linux-gnueabihf/bin/../arm-linux-gnueabihf/libc/usr/lib/crtn.o

.debug_line     0x0000000000000000     0x892b
 *(.debug_line .debug_line.* .debug_line_end)
 .debug_line    0x0000000000000000       0x80 /home/rako/Data/SourceCode/CrossCompiler_Utils/gcc-linaro-5.4.1-2017.01-x86_64_arm-linux/Compiler/gcc-linaro-5.4.1-2017.01-x86_64_arm-linux-gnueabihf/bin/../arm-linux-gnueabihf/libc/usr/lib/crt1.o
 .debug_line    0x0000000000000080       0x6c /home/rako/Data/SourceCode/CrossCompiler_Utils/gcc-linaro-5.4.1-2017.01-x86_64_arm-linux/Compiler/gcc-linaro-5.4.1-2017.01-x86_64_arm-linux-gnueabihf/bin/../arm-linux-gnueabihf/libc/usr/lib/crti.o
 .debug_line    0x00000000000000ec     0x1684 ./src/CSock.o
 .debug_line    0x0000000000001770      0x7dc ./src/C_GPIO.o
 .debug_line    0x0000000000001f4c     0x2a28 ./src/LoadControlCalculatur.o
 .debug_line    0x0000000000004974     0x2487 ./src/TCPDataClient.o
 .debug_line    0x0000000000006dfb     0x19a7 ./src/main.o
 .debug_line    0x00000000000087a2      0x135 /home/rako/Data/SourceCode/CrossCompiler_Utils/gcc-linaro-5.4.1-2017.01-x86_64_arm-linux/Compiler/gcc-linaro-5.4.1-2017.01-x86_64_arm-linux-gnueabihf/bin/../arm-linux-gnueabihf/libc/usr/lib/libc_nonshared.a(elf-init.oS)
 .debug_line    0x00000000000088d7       0x54 /home/rako/Data/SourceCode/CrossCompiler_Utils/gcc-linaro-5.4.1-2017.01-x86_64_arm-linux/Compiler/gcc-linaro-5.4.1-2017.01-x86_64_arm-linux-gnueabihf/bin/../arm-linux-gnueabihf/libc/usr/lib/crtn.o

.debug_frame    0x0000000000000000     0x3e40
 *(.debug_frame)
 .debug_frame   0x0000000000000000      0x17c ./src/CSock.o
 .debug_frame   0x000000000000017c      0x1ec ./src/C_GPIO.o
 .debug_frame   0x0000000000000368     0x2024 ./src/LoadControlCalculatur.o
 .debug_frame   0x000000000000238c     0x16e4 ./src/TCPDataClient.o
 .debug_frame   0x0000000000003a70      0x38c ./src/main.o
 .debug_frame   0x0000000000003dfc       0x44 /home/rako/Data/SourceCode/CrossCompiler_Utils/gcc-linaro-5.4.1-2017.01-x86_64_arm-linux/Compiler/gcc-linaro-5.4.1-2017.01-x86_64_arm-linux-gnueabihf/bin/../arm-linux-gnueabihf/libc/usr/lib/libc_nonshared.a(elf-init.oS)

.debug_str      0x0000000000000000    0x32e7f
 *(.debug_str)
 .debug_str     0x0000000000000000      0x16e /home/rako/Data/SourceCode/CrossCompiler_Utils/gcc-linaro-5.4.1-2017.01-x86_64_arm-linux/Compiler/gcc-linaro-5.4.1-2017.01-x86_64_arm-linux-gnueabihf/bin/../arm-linux-gnueabihf/libc/usr/lib/crt1.o
                                        0x1fe (size before relaxing)
 .debug_str     0x000000000000016e    0x1b576 ./src/CSock.o
                                      0x1cbd7 (size before relaxing)
 .debug_str     0x000000000001b6e4     0x17b0 ./src/C_GPIO.o
                                       0x8565 (size before relaxing)
 .debug_str     0x000000000001ce94     0xdf1c ./src/LoadControlCalculatur.o
                                      0x26d82 (size before relaxing)
 .debug_str     0x000000000002adb0     0x7f13 ./src/TCPDataClient.o
                                      0x26b6c (size before relaxing)
 .debug_str     0x0000000000032cc3       0xa9 ./src/main.o
                                      0x1de27 (size before relaxing)
 .debug_str     0x0000000000032d6c      0x113 /home/rako/Data/SourceCode/CrossCompiler_Utils/gcc-linaro-5.4.1-2017.01-x86_64_arm-linux/Compiler/gcc-linaro-5.4.1-2017.01-x86_64_arm-linux-gnueabihf/bin/../arm-linux-gnueabihf/libc/usr/lib/libc_nonshared.a(elf-init.oS)
                                        0x1de (size before relaxing)

.debug_loc      0x0000000000000000       0xbb
 *(.debug_loc)
 .debug_loc     0x0000000000000000       0xbb /home/rako/Data/SourceCode/CrossCompiler_Utils/gcc-linaro-5.4.1-2017.01-x86_64_arm-linux/Compiler/gcc-linaro-5.4.1-2017.01-x86_64_arm-linux-gnueabihf/bin/../arm-linux-gnueabihf/libc/usr/lib/libc_nonshared.a(elf-init.oS)

.debug_macinfo
 *(.debug_macinfo)

.debug_weaknames
 *(.debug_weaknames)

.debug_funcnames
 *(.debug_funcnames)

.debug_typenames
 *(.debug_typenames)

.debug_varnames
 *(.debug_varnames)

.debug_pubtypes
 *(.debug_pubtypes)

.debug_ranges   0x0000000000000000      0xde0
 *(.debug_ranges)
 .debug_ranges  0x0000000000000000       0x28 /home/rako/Data/SourceCode/CrossCompiler_Utils/gcc-linaro-5.4.1-2017.01-x86_64_arm-linux/Compiler/gcc-linaro-5.4.1-2017.01-x86_64_arm-linux-gnueabihf/bin/../arm-linux-gnueabihf/libc/usr/lib/crti.o
 .debug_ranges  0x0000000000000028       0x58 ./src/CSock.o
 .debug_ranges  0x0000000000000080       0x70 ./src/C_GPIO.o
 .debug_ranges  0x00000000000000f0      0x6e8 ./src/LoadControlCalculatur.o
 .debug_ranges  0x00000000000007d8      0x508 ./src/TCPDataClient.o
 .debug_ranges  0x0000000000000ce0       0xc0 ./src/main.o
 .debug_ranges  0x0000000000000da0       0x20 /home/rako/Data/SourceCode/CrossCompiler_Utils/gcc-linaro-5.4.1-2017.01-x86_64_arm-linux/Compiler/gcc-linaro-5.4.1-2017.01-x86_64_arm-linux-gnueabihf/bin/../arm-linux-gnueabihf/libc/usr/lib/libc_nonshared.a(elf-init.oS)
 .debug_ranges  0x0000000000000dc0       0x20 /home/rako/Data/SourceCode/CrossCompiler_Utils/gcc-linaro-5.4.1-2017.01-x86_64_arm-linux/Compiler/gcc-linaro-5.4.1-2017.01-x86_64_arm-linux-gnueabihf/bin/../arm-linux-gnueabihf/libc/usr/lib/crtn.o

.debug_macro    0x0000000000000000     0x8638
 *(.debug_macro)
 .debug_macro   0x0000000000000000      0x865 ./src/CSock.o
 .debug_macro   0x0000000000000865      0x96a ./src/CSock.o
 .debug_macro   0x00000000000011cf       0x22 ./src/CSock.o
 .debug_macro   0x00000000000011f1      0x275 ./src/CSock.o
 .debug_macro   0x0000000000001466      0x16f ./src/CSock.o
 .debug_macro   0x00000000000015d5       0x35 ./src/CSock.o
 .debug_macro   0x000000000000160a       0x70 ./src/CSock.o
 .debug_macro   0x000000000000167a       0x10 ./src/CSock.o
 .debug_macro   0x000000000000168a       0x97 ./src/CSock.o
 .debug_macro   0x0000000000001721       0x5e ./src/CSock.o
 .debug_macro   0x000000000000177f       0xd6 ./src/CSock.o
 .debug_macro   0x0000000000001855       0x2e ./src/CSock.o
 .debug_macro   0x0000000000001883       0x16 ./src/CSock.o
 .debug_macro   0x0000000000001899       0x20 ./src/CSock.o
 .debug_macro   0x00000000000018b9       0x1e ./src/CSock.o
 .debug_macro   0x00000000000018d7       0x28 ./src/CSock.o
 .debug_macro   0x00000000000018ff       0x58 ./src/CSock.o
 .debug_macro   0x0000000000001957       0x10 ./src/CSock.o
 .debug_macro   0x0000000000001967      0x1c2 ./src/CSock.o
 .debug_macro   0x0000000000001b29       0x5e ./src/CSock.o
 .debug_macro   0x0000000000001b87       0x2e ./src/CSock.o
 .debug_macro   0x0000000000001bb5       0x27 ./src/CSock.o
 .debug_macro   0x0000000000001bdc       0x6d ./src/CSock.o
 .debug_macro   0x0000000000001c49       0x3a ./src/CSock.o
 .debug_macro   0x0000000000001c83       0x19 ./src/CSock.o
 .debug_macro   0x0000000000001c9c       0x12 ./src/CSock.o
 .debug_macro   0x0000000000001cae       0x20 ./src/CSock.o
 .debug_macro   0x0000000000001cce       0x1c ./src/CSock.o
 .debug_macro   0x0000000000001cea       0x28 ./src/CSock.o
 .debug_macro   0x0000000000001d12       0x10 ./src/CSock.o
 .debug_macro   0x0000000000001d22       0x10 ./src/CSock.o
 .debug_macro   0x0000000000001d32       0x4c ./src/CSock.o
 .debug_macro   0x0000000000001d7e       0x1c ./src/CSock.o
 .debug_macro   0x0000000000001d9a       0x10 ./src/CSock.o
 .debug_macro   0x0000000000001daa       0x16 ./src/CSock.o
 .debug_macro   0x0000000000001dc0       0x28 ./src/CSock.o
 .debug_macro   0x0000000000001de8       0x10 ./src/CSock.o
 .debug_macro   0x0000000000001df8       0x46 ./src/CSock.o
 .debug_macro   0x0000000000001e3e       0x1c ./src/CSock.o
 .debug_macro   0x0000000000001e5a       0x20 ./src/CSock.o
 .debug_macro   0x0000000000001e7a       0x59 ./src/CSock.o
 .debug_macro   0x0000000000001ed3       0x16 ./src/CSock.o
 .debug_macro   0x0000000000001ee9       0x10 ./src/CSock.o
 .debug_macro   0x0000000000001ef9       0x3a ./src/CSock.o
 .debug_macro   0x0000000000001f33      0x241 ./src/CSock.o
 .debug_macro   0x0000000000002174       0x16 ./src/CSock.o
 .debug_macro   0x000000000000218a       0xdd ./src/CSock.o
 .debug_macro   0x0000000000002267       0x34 ./src/CSock.o
 .debug_macro   0x000000000000229b      0x15a ./src/CSock.o
 .debug_macro   0x00000000000023f5       0x22 ./src/CSock.o
 .debug_macro   0x0000000000002417       0x16 ./src/CSock.o
 .debug_macro   0x000000000000242d       0x12 ./src/CSock.o
 .debug_macro   0x000000000000243f      0x136 ./src/CSock.o
 .debug_macro   0x0000000000002575       0x16 ./src/CSock.o
 .debug_macro   0x000000000000258b       0x10 ./src/CSock.o
 .debug_macro   0x000000000000259b      0x56e ./src/CSock.o
 .debug_macro   0x0000000000002b09       0x19 ./src/CSock.o
 .debug_macro   0x0000000000002b22       0x1c ./src/CSock.o
 .debug_macro   0x0000000000002b3e       0x16 ./src/CSock.o
 .debug_macro   0x0000000000002b54      0x1c9 ./src/CSock.o
 .debug_macro   0x0000000000002d1d      0x120 ./src/CSock.o
 .debug_macro   0x0000000000002e3d       0x16 ./src/CSock.o
 .debug_macro   0x0000000000002e53       0x58 ./src/CSock.o
 .debug_macro   0x0000000000002eab       0xfa ./src/CSock.o
 .debug_macro   0x0000000000002fa5       0x30 ./src/CSock.o
 .debug_macro   0x0000000000002fd5       0x40 ./src/CSock.o
 .debug_macro   0x0000000000003015       0x46 ./src/CSock.o
 .debug_macro   0x000000000000305b       0x1c ./src/CSock.o
 .debug_macro   0x0000000000003077       0x28 ./src/CSock.o
 .debug_macro   0x000000000000309f       0x12 ./src/CSock.o
 .debug_macro   0x00000000000030b1       0x18 ./src/CSock.o
 .debug_macro   0x00000000000030c9       0x6e ./src/CSock.o
 .debug_macro   0x0000000000003137       0x82 ./src/CSock.o
 .debug_macro   0x00000000000031b9       0x12 ./src/CSock.o
 .debug_macro   0x00000000000031cb       0x12 ./src/CSock.o
 .debug_macro   0x00000000000031dd       0x1c ./src/CSock.o
 .debug_macro   0x00000000000031f9       0x22 ./src/CSock.o
 .debug_macro   0x000000000000321b       0xa5 ./src/CSock.o
 .debug_macro   0x00000000000032c0       0x2a ./src/CSock.o
 .debug_macro   0x00000000000032ea      0x173 ./src/CSock.o
 .debug_macro   0x000000000000345d       0x12 ./src/CSock.o
 .debug_macro   0x000000000000346f       0x10 ./src/CSock.o
 .debug_macro   0x000000000000347f       0x19 ./src/CSock.o
 .debug_macro   0x0000000000003498       0x58 ./src/CSock.o
 .debug_macro   0x00000000000034f0       0xb4 ./src/CSock.o
 .debug_macro   0x00000000000035a4       0x16 ./src/CSock.o
 .debug_macro   0x00000000000035ba       0x10 ./src/CSock.o
 .debug_macro   0x00000000000035ca       0x37 ./src/CSock.o
 .debug_macro   0x0000000000003601       0x5e ./src/CSock.o
 .debug_macro   0x000000000000365f       0x11 ./src/CSock.o
 .debug_macro   0x0000000000003670       0x16 ./src/CSock.o
 .debug_macro   0x0000000000003686       0x10 ./src/CSock.o
 .debug_macro   0x0000000000003696       0x10 ./src/CSock.o
 .debug_macro   0x00000000000036a6      0x122 ./src/CSock.o
 .debug_macro   0x00000000000037c8       0x8e ./src/CSock.o
 .debug_macro   0x0000000000003856       0xbb ./src/CSock.o
 .debug_macro   0x0000000000003911       0x4d ./src/CSock.o
 .debug_macro   0x000000000000395e       0x10 ./src/CSock.o
 .debug_macro   0x000000000000396e       0x17 ./src/CSock.o
 .debug_macro   0x0000000000003985       0x16 ./src/CSock.o
 .debug_macro   0x000000000000399b       0x27 ./src/CSock.o
 .debug_macro   0x00000000000039c2       0x3a ./src/CSock.o
 .debug_macro   0x00000000000039fc       0x6a ./src/CSock.o
 .debug_macro   0x0000000000003a66       0x6f ./src/CSock.o
 .debug_macro   0x0000000000003ad5       0x10 ./src/CSock.o
 .debug_macro   0x0000000000003ae5       0x10 ./src/CSock.o
 .debug_macro   0x0000000000003af5       0xf0 ./src/CSock.o
 .debug_macro   0x0000000000003be5      0x123 ./src/CSock.o
 .debug_macro   0x0000000000003d08       0x16 ./src/CSock.o
 .debug_macro   0x0000000000003d1e       0xd6 ./src/CSock.o
 .debug_macro   0x0000000000003df4      0x256 ./src/CSock.o
 .debug_macro   0x000000000000404a       0x10 ./src/CSock.o
 .debug_macro   0x000000000000405a       0x16 ./src/CSock.o
 .debug_macro   0x0000000000004070       0x16 ./src/CSock.o
 .debug_macro   0x0000000000004086       0x20 ./src/CSock.o
 .debug_macro   0x00000000000040a6       0x1d ./src/CSock.o
 .debug_macro   0x00000000000040c3       0x6a ./src/CSock.o
 .debug_macro   0x000000000000412d      0x190 ./src/CSock.o
 .debug_macro   0x00000000000042bd       0x52 ./src/CSock.o
 .debug_macro   0x000000000000430f       0x27 ./src/CSock.o
 .debug_macro   0x0000000000004336       0x35 ./src/CSock.o
 .debug_macro   0x000000000000436b      0x824 ./src/CSock.o
 .debug_macro   0x0000000000004b8f       0x27 ./src/CSock.o
 .debug_macro   0x0000000000004bb6      0x34a ./src/CSock.o
 .debug_macro   0x0000000000004f00      0x1ba ./src/CSock.o
 .debug_macro   0x00000000000050ba       0x5f ./src/CSock.o
 .debug_macro   0x0000000000005119       0x34 ./src/CSock.o
 .debug_macro   0x000000000000514d      0x2d0 ./src/C_GPIO.o
 .debug_macro   0x000000000000541d      0x1cf ./src/C_GPIO.o
 .debug_macro   0x00000000000055ec       0x16 ./src/C_GPIO.o
 .debug_macro   0x0000000000005602       0x97 ./src/C_GPIO.o
 .debug_macro   0x0000000000005699       0x4c ./src/C_GPIO.o
 .debug_macro   0x00000000000056e5       0x22 ./src/C_GPIO.o
 .debug_macro   0x0000000000005707       0x68 ./src/C_GPIO.o
 .debug_macro   0x000000000000576f       0x19 ./src/C_GPIO.o
 .debug_macro   0x0000000000005788       0x1c ./src/C_GPIO.o
 .debug_macro   0x00000000000057a4       0x10 ./src/C_GPIO.o
 .debug_macro   0x00000000000057b4      0x2d8 ./src/C_GPIO.o
 .debug_macro   0x0000000000005a8c       0x22 ./src/C_GPIO.o
 .debug_macro   0x0000000000005aae       0xe6 ./src/C_GPIO.o
 .debug_macro   0x0000000000005b94      0x107 ./src/C_GPIO.o
 .debug_macro   0x0000000000005c9b       0x10 ./src/C_GPIO.o
 .debug_macro   0x0000000000005cab       0x3a ./src/C_GPIO.o
 .debug_macro   0x0000000000005ce5      0x100 ./src/C_GPIO.o
 .debug_macro   0x0000000000005de5       0x18 ./src/C_GPIO.o
 .debug_macro   0x0000000000005dfd      0x14e ./src/C_GPIO.o
 .debug_macro   0x0000000000005f4b      0xa78 ./src/LoadControlCalculatur.o
 .debug_macro   0x00000000000069c3      0x10e ./src/LoadControlCalculatur.o
 .debug_macro   0x0000000000006ad1       0x7f ./src/LoadControlCalculatur.o
 .debug_macro   0x0000000000006b50       0x4c ./src/LoadControlCalculatur.o
 .debug_macro   0x0000000000006b9c       0x1f ./src/LoadControlCalculatur.o
 .debug_macro   0x0000000000006bbb       0x10 ./src/LoadControlCalculatur.o
 .debug_macro   0x0000000000006bcb       0x10 ./src/LoadControlCalculatur.o
 .debug_macro   0x0000000000006bdb       0x35 ./src/LoadControlCalculatur.o
 .debug_macro   0x0000000000006c10       0xf6 ./src/LoadControlCalculatur.o
 .debug_macro   0x0000000000006d06       0x10 ./src/LoadControlCalculatur.o
 .debug_macro   0x0000000000006d16       0x16 ./src/LoadControlCalculatur.o
 .debug_macro   0x0000000000006d2c       0x76 ./src/LoadControlCalculatur.o
 .debug_macro   0x0000000000006da2       0x16 ./src/LoadControlCalculatur.o
 .debug_macro   0x0000000000006db8      0x154 ./src/LoadControlCalculatur.o
 .debug_macro   0x0000000000006f0c       0x22 ./src/LoadControlCalculatur.o
 .debug_macro   0x0000000000006f2e      0x9c8 ./src/TCPDataClient.o
 .debug_macro   0x00000000000078f6       0x36 ./src/TCPDataClient.o
 .debug_macro   0x000000000000792c      0x1bb ./src/TCPDataClient.o
 .debug_macro   0x0000000000007ae7      0xa7e ./src/main.o
 .debug_macro   0x0000000000008565       0xd3 ./src/main.o

.gnu.attributes
 *(.gnu.attributes)

.note.gnu.arm.ident
 *(.note.gnu.arm.ident)

/DISCARD/
 *(.note.GNU-stack)
 *(.gnu_debuglink)
 *(.gnu.lto_*)
OUTPUT(VehicleLoadController.elf elf32-littlearm)
